Archive member included to satisfy reference by file (symbol)

C:/Users/amand/.pico-sdk/toolchain/13_3_Rel1/bin/../lib/gcc/arm-none-eabi/13.3.1/thumb/v8-m.main+fp/softfp\libm.a(libm_a-wf_sqrt.o)
                              CMakeFiles/Atividade_2.dir/C_/Users/amand/.pico-sdk/sdk/2.1.0/src/rp2_common/pico_float/float_math.c.obj (sqrtf)
C:/Users/amand/.pico-sdk/toolchain/13_3_Rel1/bin/../lib/gcc/arm-none-eabi/13.3.1/thumb/v8-m.main+fp/softfp\libm.a(libm_a-ef_sqrt.o)
                              C:/Users/amand/.pico-sdk/toolchain/13_3_Rel1/bin/../lib/gcc/arm-none-eabi/13.3.1/thumb/v8-m.main+fp/softfp\libm.a(libm_a-wf_sqrt.o) (__ieee754_sqrtf)
C:/Users/amand/.pico-sdk/toolchain/13_3_Rel1/bin/../lib/gcc/arm-none-eabi/13.3.1/thumb/v8-m.main+fp/softfp\libgcc.a(_arm_addsubdf3.o)
                              CMakeFiles/Atividade_2.dir/C_/Users/amand/.pico-sdk/sdk/2.1.0/src/rp2_common/pico_float/float_math.c.obj (__aeabi_f2d)
C:/Users/amand/.pico-sdk/toolchain/13_3_Rel1/bin/../lib/gcc/arm-none-eabi/13.3.1/thumb/v8-m.main+fp/softfp\libgcc.a(_aeabi_ldivmod.o)
                              CMakeFiles/Atividade_2.dir/C_/Users/amand/.pico-sdk/sdk/2.1.0/src/common/pico_time/time.c.obj (__aeabi_ldivmod)
C:/Users/amand/.pico-sdk/toolchain/13_3_Rel1/bin/../lib/gcc/arm-none-eabi/13.3.1/thumb/v8-m.main+fp/softfp\libgcc.a(_aeabi_uldivmod.o)
                              CMakeFiles/Atividade_2.dir/C_/Users/amand/.pico-sdk/sdk/2.1.0/src/rp2_common/hardware_clocks/clocks.c.obj (__aeabi_uldivmod)
C:/Users/amand/.pico-sdk/toolchain/13_3_Rel1/bin/../lib/gcc/arm-none-eabi/13.3.1/thumb/v8-m.main+fp/softfp\libgcc.a(_udivmoddi4.o)
                              C:/Users/amand/.pico-sdk/toolchain/13_3_Rel1/bin/../lib/gcc/arm-none-eabi/13.3.1/thumb/v8-m.main+fp/softfp\libgcc.a(_aeabi_ldivmod.o) (__udivmoddi4)
C:/Users/amand/.pico-sdk/toolchain/13_3_Rel1/bin/../lib/gcc/arm-none-eabi/13.3.1/thumb/v8-m.main+fp/softfp\libgcc.a(_dvmd_tls.o)
                              C:/Users/amand/.pico-sdk/toolchain/13_3_Rel1/bin/../lib/gcc/arm-none-eabi/13.3.1/thumb/v8-m.main+fp/softfp\libgcc.a(_aeabi_ldivmod.o) (__aeabi_ldiv0)
C:/Users/amand/.pico-sdk/toolchain/13_3_Rel1/bin/../lib/gcc/arm-none-eabi/13.3.1/thumb/v8-m.main+fp/softfp\libg.a(libc_a-calloc.o)
                              CMakeFiles/Atividade_2.dir/C_/Users/amand/.pico-sdk/sdk/2.1.0/src/rp2_common/pico_malloc/malloc.c.obj (calloc)
C:/Users/amand/.pico-sdk/toolchain/13_3_Rel1/bin/../lib/gcc/arm-none-eabi/13.3.1/thumb/v8-m.main+fp/softfp\libg.a(libc_a-callocr.o)
                              C:/Users/amand/.pico-sdk/toolchain/13_3_Rel1/bin/../lib/gcc/arm-none-eabi/13.3.1/thumb/v8-m.main+fp/softfp\libg.a(libc_a-calloc.o) (_calloc_r)
C:/Users/amand/.pico-sdk/toolchain/13_3_Rel1/bin/../lib/gcc/arm-none-eabi/13.3.1/thumb/v8-m.main+fp/softfp\libg.a(libc_a-malloc.o)
                              CMakeFiles/Atividade_2.dir/C_/Users/amand/.pico-sdk/sdk/2.1.0/src/rp2_common/pico_malloc/malloc.c.obj (malloc)
C:/Users/amand/.pico-sdk/toolchain/13_3_Rel1/bin/../lib/gcc/arm-none-eabi/13.3.1/thumb/v8-m.main+fp/softfp\libg.a(libc_a-mallocr.o)
                              C:/Users/amand/.pico-sdk/toolchain/13_3_Rel1/bin/../lib/gcc/arm-none-eabi/13.3.1/thumb/v8-m.main+fp/softfp\libg.a(libc_a-callocr.o) (_malloc_r)
C:/Users/amand/.pico-sdk/toolchain/13_3_Rel1/bin/../lib/gcc/arm-none-eabi/13.3.1/thumb/v8-m.main+fp/softfp\libg.a(libc_a-mlock.o)
                              C:/Users/amand/.pico-sdk/toolchain/13_3_Rel1/bin/../lib/gcc/arm-none-eabi/13.3.1/thumb/v8-m.main+fp/softfp\libg.a(libc_a-mallocr.o) (__malloc_lock)
C:/Users/amand/.pico-sdk/toolchain/13_3_Rel1/bin/../lib/gcc/arm-none-eabi/13.3.1/thumb/v8-m.main+fp/softfp\libg.a(libc_a-realloc.o)
                              CMakeFiles/Atividade_2.dir/C_/Users/amand/.pico-sdk/sdk/2.1.0/src/rp2_common/pico_malloc/malloc.c.obj (realloc)
C:/Users/amand/.pico-sdk/toolchain/13_3_Rel1/bin/../lib/gcc/arm-none-eabi/13.3.1/thumb/v8-m.main+fp/softfp\libg.a(libc_a-reallocr.o)
                              C:/Users/amand/.pico-sdk/toolchain/13_3_Rel1/bin/../lib/gcc/arm-none-eabi/13.3.1/thumb/v8-m.main+fp/softfp\libg.a(libc_a-realloc.o) (_realloc_r)
C:/Users/amand/.pico-sdk/toolchain/13_3_Rel1/bin/../lib/gcc/arm-none-eabi/13.3.1/thumb/v8-m.main+fp/softfp\libg.a(libc_a-memcmp.o)
                              CMakeFiles/Atividade_2.dir/C_/Users/amand/.pico-sdk/sdk/2.1.0/src/rp2_common/pico_atomic/atomic.c.obj (memcmp)
C:/Users/amand/.pico-sdk/toolchain/13_3_Rel1/bin/../lib/gcc/arm-none-eabi/13.3.1/thumb/v8-m.main+fp/softfp\libg.a(libc_a-memmove.o)
                              C:/Users/amand/.pico-sdk/toolchain/13_3_Rel1/bin/../lib/gcc/arm-none-eabi/13.3.1/thumb/v8-m.main+fp/softfp\libg.a(libc_a-reallocr.o) (memmove)
C:/Users/amand/.pico-sdk/toolchain/13_3_Rel1/bin/../lib/gcc/arm-none-eabi/13.3.1/thumb/v8-m.main+fp/softfp\libg.a(libc_a-memset.o)
[...]
Memory Configuration

Name             Origin             Length             Attributes
FLASH            0x10000000         0x00400000         xr
RAM              0x20000000         0x00080000         xrw
SCRATCH_X        0x20080000         0x00001000         xrw
SCRATCH_Y        0x20081000         0x00001000         xrw
*default*        0x00000000         0xffffffff

Linker script and memory map

LOAD C:/Users/amand/.pico-sdk/toolchain/13_3_Rel1/bin/../lib/gcc/arm-none-eabi/13.3.1/thumb/v8-m.main+fp/softfp/crti.o
LOAD C:/Users/amand/.pico-sdk/toolchain/13_3_Rel1/bin/../lib/gcc/arm-none-eabi/13.3.1/thumb/v8-m.main+fp/softfp/crtbegin.o
LOAD C:/Users/amand/.pico-sdk/toolchain/13_3_Rel1/bin/../lib/gcc/arm-none-eabi/13.3.1/thumb/v8-m.main+fp/softfp/crt0.o

.flash_begin    0x10000000        0x0
                0x10000000                        __flash_binary_start = .

.text           0x10000000     0x4978
                0x10000000                        __logical_binary_start = .
 *(.vectors)
 .vectors       0x10000000      0x124 CMakeFiles/Atividade_2.dir/C_/Users/amand/.pico-sdk/sdk/2.1.0/src/rp2_common/pico_crt0/crt0.S.obj
                0x10000000                __VECTOR_TABLE
                0x10000000                __vectors
                0x10000110                __default_isrs_start
                0x10000110                isr_invalid
                0x10000112                isr_nmi
                0x10000114                isr_hardfault
                0x10000116                isr_svcall
                0x10000118                isr_pendsv
                0x1000011a                isr_systick
                0x1000011c                isr_irq31
                0x1000011c                isr_irq5
                0x1000011c                isr_irq11
                0x1000011c                isr_irq32
                0x1000011c                isr_irq23
                0x1000011c                isr_irq48
                0x1000011c                isr_irq35
                0x1000011c                isr_irq18
                0x1000011c                isr_irq50
                0x1000011c                isr_irq27
                0x1000011c                isr_irq40
                0x1000011c                isr_irq28
                0x1000011c                isr_irq19
                0x1000011c                isr_irq36
                0x1000011c                isr_irq41
                0x1000011c                isr_irq0
                0x1000011c                isr_irq6
                0x1000011c                isr_irq45
                0x1000011c                isr_irq12
                0x1000011c                isr_irq37
                0x1000011c                isr_irq42
                0x1000011c                isr_irq22
                0x1000011c                isr_irq43
                0x1000011c                isr_irq17
                0x1000011c                isr_irq38
                0x1000011c                isr_irq14
                0x1000011c                isr_irq13
                0x1000011c                isr_irq2
                0x1000011c                isr_irq10
                0x1000011c                isr_irq8
                0x1000011c                isr_irq24
                0x1000011c                isr_irq46
                0x1000011c                isr_irq1
                0x1000011c                isr_irq47
                0x1000011c                isr_irq51
                0x1000011c                isr_irq7
                0x1000011c                isr_irq21
                0x1000011c                isr_irq39
                0x1000011c                isr_irq20
                0x1000011c                isr_irq15
                0x1000011c                isr_irq25
                0x1000011c                isr_irq34
                0x1000011c                isr_irq49
                0x1000011c                __unhandled_user_irq
                0x1000011c                isr_irq4
                0x1000011c                isr_irq16
                0x1000011c                isr_irq44
                0x1000011c                isr_irq29
                0x1000011c                isr_irq26
                0x1000011c                __default_isrs_end
                0x1000011c                isr_irq33
                0x1000011c                isr_irq3
                0x1000011c                isr_irq30
                0x1000011c                isr_irq9
                0x10000122                unhandled_user_irq_num_in_r0
 *(.binary_info_header)
 .binary_info_header
                0x10000124       0x14 CMakeFiles/Atividade_2.dir/C_/Users/amand/.pico-sdk/sdk/2.1.0/src/rp2_common/pico_crt0/crt0.S.obj
                0x10000138                        __binary_info_header_end = .
 *(.embedded_block)
 .embedded_block
                0x10000138       0x14 CMakeFiles/Atividade_2.dir/C_/Users/amand/.pico-sdk/sdk/2.1.0/src/rp2_common/pico_crt0/crt0.S.obj
                0x1000014c                        __embedded_block_end = .
 *(.reset)
 .reset         0x1000014c       0xa0 CMakeFiles/Atividade_2.dir/C_/Users/amand/.pico-sdk/sdk/2.1.0/src/rp2_common/pico_crt0/crt0.S.obj
                0x1000014c                _entry_point
 *(.init)
 .init          0x100001ec        0x4 C:/Users/amand/.pico-sdk/toolchain/13_3_Rel1/bin/../lib/gcc/arm-none-eabi/13.3.1/thumb/v8-m.main+fp/softfp/crti.o
                0x100001ec                _init
 SORT_BY_NAME(REVERSE(*libgcc.a:cmse_nonsecure_call.o))()
 *(EXCLUDE_FILE(*libm.a: *libc.a:*lib_a-mem*.o *libgcc.a:) .text*)
 .text.register_tm_clones
                0x100001f0       0x28 C:/Users/amand/.pico-sdk/toolchain/13_3_Rel1/bin/../lib/gcc/arm-none-eabi/13.3.1/thumb/v8-m.main+fp/softfp/crtbegin.o
 .text.frame_dummy
                0x10000218       0x24 C:/Users/amand/.pico-sdk/toolchain/13_3_Rel1/bin/../lib/gcc/arm-none-eabi/13.3.1/thumb/v8-m.main+fp/softfp/crtbegin.o
 .text.callback_desliga_led
                0x1000023c       0xd4 CMakeFiles/Atividade_2.dir/Atividade_2.c.obj
                0x1000023c                callback_desliga_led
 .text.startup.main
                0x10000310      0x11c CMakeFiles/Atividade_2.dir/Atividade_2.c.obj
                0x10000310                main
 .text.gpio_set_function
                0x1000042c       0x3c CMakeFiles/Atividade_2.dir/C_/Users/amand/.pico-sdk/sdk/2.1.0/src/rp2_common/hardware_gpio/gpio.c.obj
                0x1000042c                gpio_set_function
 .text.gpio_set_pulls
                0x10000468       0x28 CMakeFiles/Atividade_2.dir/C_/Users/amand/.pico-sdk/sdk/2.1.0/src/rp2_common/hardware_gpio/gpio.c.obj
                0x10000468                gpio_set_pulls
 .text.gpio_init
                0x10000490       0x48 CMakeFiles/Atividade_2.dir/C_/Users/amand/.pico-sdk/sdk/2.1.0/src/rp2_common/hardware_gpio/gpio.c.obj
                0x10000490                gpio_init
 .text.panic    0x100004d8       0x30 CMakeFiles/Atividade_2.dir/C_/Users/amand/.pico-sdk/sdk/2.1.0/src/rp2_common/pico_platform_panic/panic.c.obj
                0x100004d8                panic
 .text.hw_claim_or_assert
                0x10000508       0x58 CMakeFiles/Atividade_2.dir/C_/Users/amand/.pico-sdk/sdk/2.1.0/src/common/hardware_claim/claim.c.obj
                0x10000508                hw_claim_or_assert
 .text.hw_claim_unused_from_range
                0x10000560       0x9c CMakeFiles/Atividade_2.dir/C_/Users/amand/.pico-sdk/sdk/2.1.0/src/common/hardware_claim/claim.c.obj
                0x10000560                hw_claim_unused_from_range
 .text.next_striped_spin_lock_num
                0x100005fc       0x18 CMakeFiles/Atividade_2.dir/C_/Users/amand/.pico-sdk/sdk/2.1.0/src/rp2_common/hardware_sync/sync.c.obj
                0x100005fc                next_striped_spin_lock_num
 .text.spin_lock_claim_unused
                0x10000614       0x20 CMakeFiles/Atividade_2.dir/C_/Users/amand/.pico-sdk/sdk/2.1.0/src/rp2_common/hardware_sync/sync.c.obj
                0x10000614                spin_lock_claim_unused
 .text.spinlock_set_extexclall
                0x10000634       0x10 CMakeFiles/Atividade_2.dir/C_/Users/amand/.pico-sdk/sdk/2.1.0/src/rp2_common/hardware_sync_spin_lock/sync_spin_lock.c.obj
 .text.spin_locks_reset
                0x10000644       0x18 CMakeFiles/Atividade_2.dir/C_/Users/amand/.pico-sdk/sdk/2.1.0/src/rp2_common/hardware_sync_spin_lock/sync_spin_lock.c.obj
                0x10000644                spin_locks_reset
 .text.runtime_init_per_core_irq_priorities
                0x1000065c       0x40 CMakeFiles/Atividade_2.dir/C_/Users/amand/.pico-sdk/sdk/2.1.0/src/rp2_common/hardware_irq/irq.c.obj
                0x1000065c                runtime_init_per_core_irq_priorities
 .text.irq_set_enabled
                0x1000069c       0x2c CMakeFiles/Atividade_2.dir/C_/Users/amand/.pico-sdk/sdk/2.1.0/src/rp2_common/hardware_irq/irq.c.obj
                0x1000069c                irq_set_enabled
 .text.irq_is_enabled
                0x100006c8       0x20 CMakeFiles/Atividade_2.dir/C_/Users/amand/.pico-sdk/sdk/2.1.0/src/rp2_common/hardware_irq/irq.c.obj
                0x100006c8                irq_is_enabled
 .text.irq_set_pending
                0x100006e8       0x18 CMakeFiles/Atividade_2.dir/C_/Users/amand/.pico-sdk/sdk/2.1.0/src/rp2_common/hardware_irq/irq.c.obj
                0x100006e8                irq_set_pending
 .text.irq_has_shared_handler
                0x10000700       0x24 CMakeFiles/Atividade_2.dir/C_/Users/amand/.pico-sdk/sdk/2.1.0/src/rp2_common/hardware_irq/irq.c.obj
                0x10000700                irq_has_shared_handler
 .text.irq_set_exclusive_handler
                0x10000724       0x60 CMakeFiles/Atividade_2.dir/C_/Users/amand/.pico-sdk/sdk/2.1.0/src/rp2_common/hardware_irq/irq.c.obj
                0x10000724                irq_set_exclusive_handler
 .text.irq_add_shared_handler
                0x10000784      0x1e8 CMakeFiles/Atividade_2.dir/C_/Users/amand/.pico-sdk/sdk/2.1.0/src/rp2_common/hardware_irq/irq.c.obj
                0x10000784                irq_add_shared_handler
 .text.irq_remove_handler
                0x1000096c      0x1fc CMakeFiles/Atividade_2.dir/C_/Users/amand/.pico-sdk/sdk/2.1.0/src/rp2_common/hardware_irq/irq.c.obj
                0x1000096c                irq_remove_handler
 .text.irq_add_tail_to_free_list
                0x10000b68       0xbc CMakeFiles/Atividade_2.dir/C_/Users/amand/.pico-sdk/sdk/2.1.0/src/rp2_common/hardware_irq/irq.c.obj
                0x10000b68                irq_add_tail_to_free_list
 .text.user_irq_claim_unused
                0x10000c24       0x28 CMakeFiles/Atividade_2.dir/C_/Users/amand/.pico-sdk/sdk/2.1.0/src/rp2_common/hardware_irq/irq.c.obj
                0x10000c24                user_irq_claim_unused
 .text.lock_init
                0x10000c4c        0xc CMakeFiles/Atividade_2.dir/C_/Users/amand/.pico-sdk/sdk/2.1.0/src/common/pico_sync/lock_core.c.obj
                0x10000c4c                lock_init
 .text.runtime_init_mutex
                0x10000c58       0x4c CMakeFiles/Atividade_2.dir/C_/Users/amand/.pico-sdk/sdk/2.1.0/src/common/pico_sync/mutex.c.obj
                0x10000c58                runtime_init_mutex
 .text.mutex_init
                0x10000ca4       0x1c CMakeFiles/Atividade_2.dir/C_/Users/amand/.pico-sdk/sdk/2.1.0/src/common/pico_sync/mutex.c.obj
                0x10000ca4                mutex_init
 .text.critical_section_init
                0x10000cc0       0x1c CMakeFiles/Atividade_2.dir/C_/Users/amand/.pico-sdk/sdk/2.1.0/src/common/pico_sync/critical_section.c.obj
                0x10000cc0                critical_section_init
 .text.critical_section_init_with_lock_num
                0x10000cdc       0x10 CMakeFiles/Atividade_2.dir/C_/Users/amand/.pico-sdk/sdk/2.1.0/src/common/pico_sync/critical_section.c.obj
                0x10000cdc                critical_section_init_with_lock_num
 .text.sleep_until_callback
                0x10000cec       0x3c CMakeFiles/Atividade_2.dir/C_/Users/amand/.pico-sdk/sdk/2.1.0/src/common/pico_time/time.c.obj
 .text.alarm_pool_irq_handler
                0x10000d28      0x2e0 CMakeFiles/Atividade_2.dir/C_/Users/amand/.pico-sdk/sdk/2.1.0/src/common/pico_time/time.c.obj
 .text.runtime_init_default_alarm_pool
                0x10001008      0x100 CMakeFiles/Atividade_2.dir/C_/Users/amand/.pico-sdk/sdk/2.1.0/src/common/pico_time/time.c.obj
                0x10001008                runtime_init_default_alarm_pool
 .text.alarm_pool_get_default
                0x10001108        0x8 CMakeFiles/Atividade_2.dir/C_/Users/amand/.pico-sdk/sdk/2.1.0/src/common/pico_time/time.c.obj
                0x10001108                alarm_pool_get_default
 .text.alarm_pool_add_alarm_at
                0x10001110       0xdc CMakeFiles/Atividade_2.dir/C_/Users/amand/.pico-sdk/sdk/2.1.0/src/common/pico_time/time.c.obj
                0x10001110                alarm_pool_add_alarm_at
 .text.alarm_pool_add_alarm_at_force_in_context
                0x100011ec       0xc8 CMakeFiles/Atividade_2.dir/C_/Users/amand/.pico-sdk/sdk/2.1.0/src/common/pico_time/time.c.obj
                0x100011ec                alarm_pool_add_alarm_at_force_in_context
 .text.alarm_pool_cancel_alarm
                0x100012b4       0x80 CMakeFiles/Atividade_2.dir/C_/Users/amand/.pico-sdk/sdk/2.1.0/src/common/pico_time/time.c.obj
                0x100012b4                alarm_pool_cancel_alarm
 .text.alarm_pool_core_num
                0x10001334        0x4 CMakeFiles/Atividade_2.dir/C_/Users/amand/.pico-sdk/sdk/2.1.0/src/common/pico_time/time.c.obj
                0x10001334                alarm_pool_core_num
 .text.sleep_until
                0x10001338       0xbc CMakeFiles/Atividade_2.dir/C_/Users/amand/.pico-sdk/sdk/2.1.0/src/common/pico_time/time.c.obj
                0x10001338                sleep_until
 .text.sleep_ms
                0x100013f4       0x2c CMakeFiles/Atividade_2.dir/C_/Users/amand/.pico-sdk/sdk/2.1.0/src/common/pico_time/time.c.obj
                0x100013f4                sleep_ms
 .text.best_effort_wfe_or_timeout
                0x10001420       0xb0 CMakeFiles/Atividade_2.dir/C_/Users/amand/.pico-sdk/sdk/2.1.0/src/common/pico_time/time.c.obj
                0x10001420                best_effort_wfe_or_timeout
 .text.timer_hardware_alarm_claim
                0x100014d0       0x24 CMakeFiles/Atividade_2.dir/C_/Users/amand/.pico-sdk/sdk/2.1.0/src/rp2_common/hardware_timer/timer.c.obj
                0x100014d0                timer_hardware_alarm_claim
 .text.timer_time_us_64
                0x100014f4       0x10 CMakeFiles/Atividade_2.dir/C_/Users/amand/.pico-sdk/sdk/2.1.0/src/rp2_common/hardware_timer/timer.c.obj
                0x100014f4                timer_time_us_64
 .text.time_us_64
                0x10001504       0x14 CMakeFiles/Atividade_2.dir/C_/Users/amand/.pico-sdk/sdk/2.1.0/src/rp2_common/hardware_timer/timer.c.obj
                0x10001504                time_us_64
 .text.busy_wait_us
                0x10001518       0x64 CMakeFiles/Atividade_2.dir/C_/Users/amand/.pico-sdk/sdk/2.1.0/src/rp2_common/hardware_timer/timer.c.obj
                0x10001518                busy_wait_us
 .text.busy_wait_until
                0x1000157c       0x24 CMakeFiles/Atividade_2.dir/C_/Users/amand/.pico-sdk/sdk/2.1.0/src/rp2_common/hardware_timer/timer.c.obj
                0x1000157c                busy_wait_until
 .text.uart_init
                0x100015a0      0x104 CMakeFiles/Atividade_2.dir/C_/Users/amand/.pico-sdk/sdk/2.1.0/src/rp2_common/hardware_uart/uart.c.obj
                0x100015a0                uart_init
 .text.clock_configure_undivided
                0x100016a4       0xd0 CMakeFiles/Atividade_2.dir/C_/Users/amand/.pico-sdk/sdk/2.1.0/src/rp2_common/hardware_clocks/clocks.c.obj
                0x100016a4                clock_configure_undivided
 .text.clock_get_hz
                0x10001774        0xc CMakeFiles/Atividade_2.dir/C_/Users/amand/.pico-sdk/sdk/2.1.0/src/rp2_common/hardware_clocks/clocks.c.obj
                0x10001774                clock_get_hz
 .text.pll_init
                0x10001780       0x8c CMakeFiles/Atividade_2.dir/C_/Users/amand/.pico-sdk/sdk/2.1.0/src/rp2_common/hardware_pll/pll.c.obj
                0x10001780                pll_init
 .text.watchdog_reboot
                0x1000180c       0x98 CMakeFiles/Atividade_2.dir/C_/Users/amand/.pico-sdk/sdk/2.1.0/src/rp2_common/hardware_watchdog/watchdog.c.obj
                0x1000180c                watchdog_reboot
 .text.tick_start
                0x100018a4       0x18 CMakeFiles/Atividade_2.dir/C_/Users/amand/.pico-sdk/sdk/2.1.0/src/rp2_common/hardware_ticks/ticks.c.obj
                0x100018a4                tick_start
 .text.rom_reboot.constprop.0.isra.0
                0x100018bc       0x34 CMakeFiles/Atividade_2.dir/C_/Users/amand/.pico-sdk/sdk/2.1.0/src/rp2_common/pico_bootrom/bootrom.c.obj
 .text.rom_func_lookup
                0x100018f0       0x18 CMakeFiles/Atividade_2.dir/C_/Users/amand/.pico-sdk/sdk/2.1.0/src/rp2_common/pico_bootrom/bootrom.c.obj
                0x100018f0                rom_func_lookup
 .text.rom_reset_usb_boot_extra
                0x10001908       0x1c CMakeFiles/Atividade_2.dir/C_/Users/amand/.pico-sdk/sdk/2.1.0/src/rp2_common/pico_bootrom/bootrom.c.obj
                0x10001908                rom_reset_usb_boot_extra
 .text.runtime_init_bootrom_locking_enable
                0x10001924       0x14 CMakeFiles/Atividade_2.dir/C_/Users/amand/.pico-sdk/sdk/2.1.0/src/rp2_common/pico_bootrom/bootrom_lock.c.obj
                0x10001924                runtime_init_bootrom_locking_enable
 .text.runtime_init_boot_locks_reset
                0x10001938       0x1c CMakeFiles/Atividade_2.dir/C_/Users/amand/.pico-sdk/sdk/2.1.0/src/rp2_common/hardware_boot_lock/boot_lock.c.obj
                0x10001938                runtime_init_boot_locks_reset
 .text.xosc_init
                0x10001954       0x2c CMakeFiles/Atividade_2.dir/C_/Users/amand/.pico-sdk/sdk/2.1.0/src/rp2_common/hardware_xosc/xosc.c.obj
                0x10001954                xosc_init
 .text.first_per_core_initializer
                0x10001980        0x4 CMakeFiles/Atividade_2.dir/C_/Users/amand/.pico-sdk/sdk/2.1.0/src/rp2_common/pico_runtime/runtime.c.obj
 .text.hard_assertion_failure
                0x10001984        0xc CMakeFiles/Atividade_2.dir/C_/Users/amand/.pico-sdk/sdk/2.1.0/src/rp2_common/pico_runtime/runtime.c.obj
                0x10001984                hard_assertion_failure
 .text.runtime_run_initializers
                0x10001990       0x20 CMakeFiles/Atividade_2.dir/C_/Users/amand/.pico-sdk/sdk/2.1.0/src/rp2_common/pico_runtime/runtime.c.obj
                0x10001990                runtime_run_initializers
 .text.runtime_init_early_resets
                0x100019b0       0x34 CMakeFiles/Atividade_2.dir/C_/Users/amand/.pico-sdk/sdk/2.1.0/src/rp2_common/pico_runtime_init/runtime_init.c.obj
                0x100019b0                runtime_init_early_resets
 .text.runtime_init_usb_power_down
                0x100019e4       0x1c CMakeFiles/Atividade_2.dir/C_/Users/amand/.pico-sdk/sdk/2.1.0/src/rp2_common/pico_runtime_init/runtime_init.c.obj
                0x100019e4                runtime_init_usb_power_down
 .text.runtime_init_per_core_enable_coprocessors
                0x10001a00       0x1c CMakeFiles/Atividade_2.dir/C_/Users/amand/.pico-sdk/sdk/2.1.0/src/rp2_common/pico_runtime_init/runtime_init.c.obj
                0x10001a00                runtime_init_per_core_enable_coprocessors
 .text.runtime_init_post_clock_resets
                0x10001a1c       0x20 CMakeFiles/Atividade_2.dir/C_/Users/amand/.pico-sdk/sdk/2.1.0/src/rp2_common/pico_runtime_init/runtime_init.c.obj
                0x10001a1c                runtime_init_post_clock_resets
 .text.runtime_init_bootrom_reset
                0x10001a3c       0x14 CMakeFiles/Atividade_2.dir/C_/Users/amand/.pico-sdk/sdk/2.1.0/src/rp2_common/pico_runtime_init/runtime_init.c.obj
                0x10001a3c                runtime_init_bootrom_reset
 .text.runtime_init_per_core_bootrom_reset
                0x10001a50       0x14 CMakeFiles/Atividade_2.dir/C_/Users/amand/.pico-sdk/sdk/2.1.0/src/rp2_common/pico_runtime_init/runtime_init.c.obj
                0x10001a50                runtime_init_per_core_bootrom_reset
 .text.runtime_init_spin_locks_reset
                0x10001a64        0x4 CMakeFiles/Atividade_2.dir/C_/Users/amand/.pico-sdk/sdk/2.1.0/src/rp2_common/pico_runtime_init/runtime_init.c.obj
                0x10001a64                runtime_init_spin_locks_reset
 .text.runtime_init_install_ram_vector_table
                0x10001a68       0x20 CMakeFiles/Atividade_2.dir/C_/Users/amand/.pico-sdk/sdk/2.1.0/src/rp2_common/pico_runtime_init/runtime_init.c.obj
                0x10001a68                runtime_init_install_ram_vector_table
 .text.runtime_init_clocks
                0x10001a88       0xdc CMakeFiles/Atividade_2.dir/C_/Users/amand/.pico-sdk/sdk/2.1.0/src/rp2_common/pico_runtime_init/runtime_init_clocks.c.obj
                0x10001a88                runtime_init_clocks
 .text._out_char
                0x10001b64        0x8 CMakeFiles/Atividade_2.dir/C_/Users/amand/.pico-sdk/sdk/2.1.0/src/rp2_common/pico_printf/printf.c.obj
 .text.weak_raw_vprintf
                0x10001b6c       0x30 CMakeFiles/Atividade_2.dir/C_/Users/amand/.pico-sdk/sdk/2.1.0/src/rp2_common/pico_printf/printf.c.obj
                0x10001b6c                weak_raw_vprintf
 .text._exit    0x10001b9c        0x4 CMakeFiles/Atividade_2.dir/C_/Users/amand/.pico-sdk/sdk/2.1.0/src/rp2_common/pico_clib_interface/newlib_interface.c.obj
                0x10001b9c                _exit
 .text.exit     0x10001ba0        0x8 CMakeFiles/Atividade_2.dir/C_/Users/amand/.pico-sdk/sdk/2.1.0/src/rp2_common/pico_clib_interface/newlib_interface.c.obj
                0x10001ba0                exit
 .text.runtime_init
                0x10001ba8       0x24 CMakeFiles/Atividade_2.dir/C_/Users/amand/.pico-sdk/sdk/2.1.0/src/rp2_common/pico_clib_interface/newlib_interface.c.obj
                0x10001ba8                runtime_init
 .text.stdio_out_chars_no_crlf
                0x10001bcc        0x8 CMakeFiles/Atividade_2.dir/C_/Users/amand/.pico-sdk/sdk/2.1.0/src/rp2_common/pico_stdio/stdio.c.obj
 .text.stdio_out_chars_crlf
                0x10001bd4       0xac CMakeFiles/Atividade_2.dir/C_/Users/amand/.pico-sdk/sdk/2.1.0/src/rp2_common/pico_stdio/stdio.c.obj
 .text.stdio_put_string
                0x10001c80       0xf0 CMakeFiles/Atividade_2.dir/C_/Users/amand/.pico-sdk/sdk/2.1.0/src/rp2_common/pico_stdio/stdio.c.obj
                0x10001c80                stdio_put_string
 .text.stdio_set_driver_enabled
                0x10001d70       0x30 CMakeFiles/Atividade_2.dir/C_/Users/amand/.pico-sdk/sdk/2.1.0/src/rp2_common/pico_stdio/stdio.c.obj
                0x10001d70                stdio_set_driver_enabled
 .text.stdio_init_all
                0x10001da0       0x10 CMakeFiles/Atividade_2.dir/C_/Users/amand/.pico-sdk/sdk/2.1.0/src/rp2_common/pico_stdio/stdio.c.obj
                0x10001da0                stdio_init_all
 .text.__wrap_putchar
                0x10001db0       0x84 CMakeFiles/Atividade_2.dir/C_/Users/amand/.pico-sdk/sdk/2.1.0/src/rp2_common/pico_stdio/stdio.c.obj
                0x10001db0                __wrap_putchar
                0x10001db0                stdio_putchar
 .text.__wrap_puts
                0x10001e34       0x3c CMakeFiles/Atividade_2.dir/C_/Users/amand/.pico-sdk/sdk/2.1.0/src/rp2_common/pico_stdio/stdio.c.obj
                0x10001e34                stdio_puts
                0x10001e34                __wrap_puts
 .text.stdio_uart_out_chars
                0x10001e70       0x50 CMakeFiles/Atividade_2.dir/C_/Users/amand/.pico-sdk/sdk/2.1.0/src/rp2_common/pico_stdio_uart/stdio_uart.c.obj
 .text.stdio_uart_in_chars
                0x10001ec0       0x94 CMakeFiles/Atividade_2.dir/C_/Users/amand/.pico-sdk/sdk/2.1.0/src/rp2_common/pico_stdio_uart/stdio_uart.c.obj
                0x10001ec0                stdio_uart_in_chars
 .text.on_uart_rx
                0x10001f54       0x24 CMakeFiles/Atividade_2.dir/C_/Users/amand/.pico-sdk/sdk/2.1.0/src/rp2_common/pico_stdio_uart/stdio_uart.c.obj
 .text.stdio_uart_out_flush
                0x10001f78       0x10 CMakeFiles/Atividade_2.dir/C_/Users/amand/.pico-sdk/sdk/2.1.0/src/rp2_common/pico_stdio_uart/stdio_uart.c.obj
 .text.stdio_uart_set_chars_available_callback
                0x10001f88       0x88 CMakeFiles/Atividade_2.dir/C_/Users/amand/.pico-sdk/sdk/2.1.0/src/rp2_common/pico_stdio_uart/stdio_uart.c.obj
 .text.stdio_uart_init
                0x10002010       0x54 CMakeFiles/Atividade_2.dir/C_/Users/amand/.pico-sdk/sdk/2.1.0/src/rp2_common/pico_stdio_uart/stdio_uart.c.obj
                0x10002010                stdio_uart_init
 .text.resetd_init
                0x10002064        0x4 CMakeFiles/Atividade_2.dir/C_/Users/amand/.pico-sdk/sdk/2.1.0/src/rp2_common/pico_stdio_usb/reset_interface.c.obj
 .text.resetd_reset
                0x10002068        0xc CMakeFiles/Atividade_2.dir/C_/Users/amand/.pico-sdk/sdk/2.1.0/src/rp2_common/pico_stdio_usb/reset_interface.c.obj
 .text.resetd_open
                0x10002074       0x28 CMakeFiles/Atividade_2.dir/C_/Users/amand/.pico-sdk/sdk/2.1.0/src/rp2_common/pico_stdio_usb/reset_interface.c.obj
 .text.resetd_xfer_cb
                0x1000209c        0x4 CMakeFiles/Atividade_2.dir/C_/Users/amand/.pico-sdk/sdk/2.1.0/src/rp2_common/pico_stdio_usb/reset_interface.c.obj
 .text.resetd_control_xfer_cb
                0x100020a0       0x50 CMakeFiles/Atividade_2.dir/C_/Users/amand/.pico-sdk/sdk/2.1.0/src/rp2_common/pico_stdio_usb/reset_interface.c.obj
 .text.tud_descriptor_bos_cb
                0x100020f0        0x8 CMakeFiles/Atividade_2.dir/C_/Users/amand/.pico-sdk/sdk/2.1.0/src/rp2_common/pico_stdio_usb/reset_interface.c.obj
                0x100020f0                tud_descriptor_bos_cb
 .text.tud_vendor_control_xfer_cb
                0x100020f8       0x28 CMakeFiles/Atividade_2.dir/C_/Users/amand/.pico-sdk/sdk/2.1.0/src/rp2_common/pico_stdio_usb/reset_interface.c.obj
                0x100020f8                tud_vendor_control_xfer_cb
 .text.usbd_app_driver_get_cb
                0x10002120       0x10 CMakeFiles/Atividade_2.dir/C_/Users/amand/.pico-sdk/sdk/2.1.0/src/rp2_common/pico_stdio_usb/reset_interface.c.obj
                0x10002120                usbd_app_driver_get_cb
 .text.tud_cdc_line_coding_cb
                0x10002130       0x18 CMakeFiles/Atividade_2.dir/C_/Users/amand/.pico-sdk/sdk/2.1.0/src/rp2_common/pico_stdio_usb/reset_interface.c.obj
                0x10002130                tud_cdc_line_coding_cb
 .text.stdio_usb_set_chars_available_callback
                0x10002148       0x14 CMakeFiles/Atividade_2.dir/C_/Users/amand/.pico-sdk/sdk/2.1.0/src/rp2_common/pico_stdio_usb/stdio_usb.c.obj
                0x10002148                stdio_usb_set_chars_available_callback
 .text.timer_task
                0x1000215c       0x70 CMakeFiles/Atividade_2.dir/C_/Users/amand/.pico-sdk/sdk/2.1.0/src/rp2_common/pico_stdio_usb/stdio_usb.c.obj
 .text.usb_irq  0x100021cc        0xc CMakeFiles/Atividade_2.dir/C_/Users/amand/.pico-sdk/sdk/2.1.0/src/rp2_common/pico_stdio_usb/stdio_usb.c.obj
 .text.stdio_usb_in_chars
                0x100021d8       0x88 CMakeFiles/Atividade_2.dir/C_/Users/amand/.pico-sdk/sdk/2.1.0/src/rp2_common/pico_stdio_usb/stdio_usb.c.obj
                0x100021d8                stdio_usb_in_chars
 .text.stdio_usb_out_flush
                0x10002260       0x54 CMakeFiles/Atividade_2.dir/C_/Users/amand/.pico-sdk/sdk/2.1.0/src/rp2_common/pico_stdio_usb/stdio_usb.c.obj
 .text.stdio_usb_out_chars
                0x100022b4       0xf4 CMakeFiles/Atividade_2.dir/C_/Users/amand/.pico-sdk/sdk/2.1.0/src/rp2_common/pico_stdio_usb/stdio_usb.c.obj
 .text.low_priority_worker_irq
                0x100023a8       0xd8 CMakeFiles/Atividade_2.dir/C_/Users/amand/.pico-sdk/sdk/2.1.0/src/rp2_common/pico_stdio_usb/stdio_usb.c.obj
 .text.stdio_usb_init
                0x10002480       0xe4 CMakeFiles/Atividade_2.dir/C_/Users/amand/.pico-sdk/sdk/2.1.0/src/rp2_common/pico_stdio_usb/stdio_usb.c.obj
                0x10002480                stdio_usb_init
 .text.tud_descriptor_device_cb
                0x10002564        0x8 CMakeFiles/Atividade_2.dir/C_/Users/amand/.pico-sdk/sdk/2.1.0/src/rp2_common/pico_stdio_usb/stdio_usb_descriptors.c.obj
                0x10002564                tud_descriptor_device_cb
 .text.tud_descriptor_configuration_cb
                0x1000256c        0x8 CMakeFiles/Atividade_2.dir/C_/Users/amand/.pico-sdk/sdk/2.1.0/src/rp2_common/pico_stdio_usb/stdio_usb_descriptors.c.obj
                0x1000256c                tud_descriptor_configuration_cb
 .text.tud_descriptor_string_cb
                0x10002574       0x70 CMakeFiles/Atividade_2.dir/C_/Users/amand/.pico-sdk/sdk/2.1.0/src/rp2_common/pico_stdio_usb/stdio_usb_descriptors.c.obj
                0x10002574                tud_descriptor_string_cb
 .text.startup._retrieve_unique_id_on_boot
                0x100025e4       0x30 CMakeFiles/Atividade_2.dir/C_/Users/amand/.pico-sdk/sdk/2.1.0/src/rp2_common/pico_unique_id/unique_id.c.obj
 .text.pico_get_unique_board_id_string
                0x10002614      0x184 CMakeFiles/Atividade_2.dir/C_/Users/amand/.pico-sdk/sdk/2.1.0/src/rp2_common/pico_unique_id/unique_id.c.obj
                0x10002614                pico_get_unique_board_id_string
 .text.dcd_init
                0x10002798       0x90 CMakeFiles/Atividade_2.dir/C_/Users/amand/.pico-sdk/sdk/2.1.0/lib/tinyusb/src/portable/raspberrypi/rp2040/dcd_rp2040.c.obj
                0x10002798                dcd_init
 .text.dcd_int_enable
                0x10002828        0x8 CMakeFiles/Atividade_2.dir/C_/Users/amand/.pico-sdk/sdk/2.1.0/lib/tinyusb/src/portable/raspberrypi/rp2040/dcd_rp2040.c.obj
                0x10002828                dcd_int_enable
 .text.dcd_set_address
                0x10002830       0x10 CMakeFiles/Atividade_2.dir/C_/Users/amand/.pico-sdk/sdk/2.1.0/lib/tinyusb/src/portable/raspberrypi/rp2040/dcd_rp2040.c.obj
                0x10002830                dcd_set_address
 .text.dcd_sof_enable
                0x10002840       0x1c CMakeFiles/Atividade_2.dir/C_/Users/amand/.pico-sdk/sdk/2.1.0/lib/tinyusb/src/portable/raspberrypi/rp2040/dcd_rp2040.c.obj
                0x10002840                dcd_sof_enable
 .text.dcd_edpt0_status_complete
                0x1000285c       0x1c CMakeFiles/Atividade_2.dir/C_/Users/amand/.pico-sdk/sdk/2.1.0/lib/tinyusb/src/portable/raspberrypi/rp2040/dcd_rp2040.c.obj
                0x1000285c                dcd_edpt0_status_complete
 .text.dcd_edpt_open
                0x10002878       0xf8 CMakeFiles/Atividade_2.dir/C_/Users/amand/.pico-sdk/sdk/2.1.0/lib/tinyusb/src/portable/raspberrypi/rp2040/dcd_rp2040.c.obj
                0x10002878                dcd_edpt_open
 .text.dcd_edpt_close_all
                0x10002970        0x4 CMakeFiles/Atividade_2.dir/C_/Users/amand/.pico-sdk/sdk/2.1.0/lib/tinyusb/src/portable/raspberrypi/rp2040/dcd_rp2040.c.obj
                0x10002970                dcd_edpt_close_all
 .text.dcd_edpt_xfer
                0x10002974       0x28 CMakeFiles/Atividade_2.dir/C_/Users/amand/.pico-sdk/sdk/2.1.0/lib/tinyusb/src/portable/raspberrypi/rp2040/dcd_rp2040.c.obj
                0x10002974                dcd_edpt_xfer
 .text.dcd_edpt_stall
                0x1000299c       0x2c CMakeFiles/Atividade_2.dir/C_/Users/amand/.pico-sdk/sdk/2.1.0/lib/tinyusb/src/portable/raspberrypi/rp2040/dcd_rp2040.c.obj
                0x1000299c                dcd_edpt_stall
 .text.dcd_edpt_clear_stall
                0x100029c8       0x2c CMakeFiles/Atividade_2.dir/C_/Users/amand/.pico-sdk/sdk/2.1.0/lib/tinyusb/src/portable/raspberrypi/rp2040/dcd_rp2040.c.obj
                0x100029c8                dcd_edpt_clear_stall
 .text.rp2040_usb_init
                0x100029f4       0x40 CMakeFiles/Atividade_2.dir/C_/Users/amand/.pico-sdk/sdk/2.1.0/lib/tinyusb/src/portable/raspberrypi/rp2040/rp2040_usb.c.obj
                0x100029f4                rp2040_usb_init
 .text.hw_endpoint_xfer_start
                0x10002a34       0x40 CMakeFiles/Atividade_2.dir/C_/Users/amand/.pico-sdk/sdk/2.1.0/lib/tinyusb/src/portable/raspberrypi/rp2040/rp2040_usb.c.obj
                0x10002a34                hw_endpoint_xfer_start
 .text.configuration_reset
                0x10002a74       0x8c CMakeFiles/Atividade_2.dir/C_/Users/amand/.pico-sdk/sdk/2.1.0/lib/tinyusb/src/device/usbd.c.obj
 .text.tud_event_hook_cb
                0x10002b00        0x4 CMakeFiles/Atividade_2.dir/C_/Users/amand/.pico-sdk/sdk/2.1.0/lib/tinyusb/src/device/usbd.c.obj
                0x10002b00                tud_event_hook_cb
 .text.tud_sof_cb
                0x10002b04        0x4 CMakeFiles/Atividade_2.dir/C_/Users/amand/.pico-sdk/sdk/2.1.0/lib/tinyusb/src/device/usbd.c.obj
                0x10002b04                tud_sof_cb
 .text.tud_descriptor_device_qualifier_cb
                0x10002b08        0x4 CMakeFiles/Atividade_2.dir/C_/Users/amand/.pico-sdk/sdk/2.1.0/lib/tinyusb/src/device/usbd.c.obj
                0x10002b08                tud_descriptor_device_qualifier_cb
 .text.tud_descriptor_other_speed_configuration_cb
                0x10002b0c        0x4 CMakeFiles/Atividade_2.dir/C_/Users/amand/.pico-sdk/sdk/2.1.0/lib/tinyusb/src/device/usbd.c.obj
                0x10002b0c                tud_descriptor_other_speed_configuration_cb
 .text.tud_mount_cb
                0x10002b10        0x4 CMakeFiles/Atividade_2.dir/C_/Users/amand/.pico-sdk/sdk/2.1.0/lib/tinyusb/src/device/usbd.c.obj
                0x10002b10                tud_mount_cb
 .text.tud_umount_cb
                0x10002b14        0x4 CMakeFiles/Atividade_2.dir/C_/Users/amand/.pico-sdk/sdk/2.1.0/lib/tinyusb/src/device/usbd.c.obj
                0x10002b14                tud_umount_cb
 .text.tud_suspend_cb
                0x10002b18        0x4 CMakeFiles/Atividade_2.dir/C_/Users/amand/.pico-sdk/sdk/2.1.0/lib/tinyusb/src/device/usbd.c.obj
                0x10002b18                tud_suspend_cb
 .text.tud_resume_cb
                0x10002b1c        0x4 CMakeFiles/Atividade_2.dir/C_/Users/amand/.pico-sdk/sdk/2.1.0/lib/tinyusb/src/device/usbd.c.obj
                0x10002b1c                tud_resume_cb
 .text.tud_mounted
                0x10002b20       0x10 CMakeFiles/Atividade_2.dir/C_/Users/amand/.pico-sdk/sdk/2.1.0/lib/tinyusb/src/device/usbd.c.obj
                0x10002b20                tud_mounted
 .text.tud_suspended
                0x10002b30       0x10 CMakeFiles/Atividade_2.dir/C_/Users/amand/.pico-sdk/sdk/2.1.0/lib/tinyusb/src/device/usbd.c.obj
                0x10002b30                tud_suspended
 .text.tud_init
                0x10002b40       0xe8 CMakeFiles/Atividade_2.dir/C_/Users/amand/.pico-sdk/sdk/2.1.0/lib/tinyusb/src/device/usbd.c.obj
                0x10002b40                tud_init
 .text.tud_task_ext
                0x10002c28      0x784 CMakeFiles/Atividade_2.dir/C_/Users/amand/.pico-sdk/sdk/2.1.0/lib/tinyusb/src/device/usbd.c.obj
                0x10002c28                tud_task_ext
 .text.usbd_open_edpt_pair
                0x100033ac       0x9c CMakeFiles/Atividade_2.dir/C_/Users/amand/.pico-sdk/sdk/2.1.0/lib/tinyusb/src/device/usbd.c.obj
                0x100033ac                usbd_open_edpt_pair
 .text.usbd_edpt_open
                0x10003448       0x44 CMakeFiles/Atividade_2.dir/C_/Users/amand/.pico-sdk/sdk/2.1.0/lib/tinyusb/src/device/usbd.c.obj
                0x10003448                usbd_edpt_open
 .text.usbd_edpt_claim
                0x1000348c       0x24 CMakeFiles/Atividade_2.dir/C_/Users/amand/.pico-sdk/sdk/2.1.0/lib/tinyusb/src/device/usbd.c.obj
                0x1000348c                usbd_edpt_claim
 .text.usbd_edpt_release
                0x100034b0       0x24 CMakeFiles/Atividade_2.dir/C_/Users/amand/.pico-sdk/sdk/2.1.0/lib/tinyusb/src/device/usbd.c.obj
                0x100034b0                usbd_edpt_release
 .text.usbd_edpt_xfer
                0x100034d4       0x70 CMakeFiles/Atividade_2.dir/C_/Users/amand/.pico-sdk/sdk/2.1.0/lib/tinyusb/src/device/usbd.c.obj
                0x100034d4                usbd_edpt_xfer
 .text.tud_control_status
                0x10003544       0x34 CMakeFiles/Atividade_2.dir/C_/Users/amand/.pico-sdk/sdk/2.1.0/lib/tinyusb/src/device/usbd_control.c.obj
                0x10003544                tud_control_status
 .text.tud_control_xfer
                0x10003578       0xac CMakeFiles/Atividade_2.dir/C_/Users/amand/.pico-sdk/sdk/2.1.0/lib/tinyusb/src/device/usbd_control.c.obj
                0x10003578                tud_control_xfer
 .text.usbd_control_reset
                0x10003624       0x14 CMakeFiles/Atividade_2.dir/C_/Users/amand/.pico-sdk/sdk/2.1.0/lib/tinyusb/src/device/usbd_control.c.obj
                0x10003624                usbd_control_reset
 .text.usbd_control_set_complete_callback
                0x10003638        0xc CMakeFiles/Atividade_2.dir/C_/Users/amand/.pico-sdk/sdk/2.1.0/lib/tinyusb/src/device/usbd_control.c.obj
                0x10003638                usbd_control_set_complete_callback
 .text.usbd_control_set_request
                0x10003644       0x1c CMakeFiles/Atividade_2.dir/C_/Users/amand/.pico-sdk/sdk/2.1.0/lib/tinyusb/src/device/usbd_control.c.obj
                0x10003644                usbd_control_set_request
 .text.usbd_control_xfer_cb
                0x10003660       0xfc CMakeFiles/Atividade_2.dir/C_/Users/amand/.pico-sdk/sdk/2.1.0/lib/tinyusb/src/device/usbd_control.c.obj
                0x10003660                usbd_control_xfer_cb
 .text._prep_out_transaction.isra.0
                0x1000375c       0x60 CMakeFiles/Atividade_2.dir/C_/Users/amand/.pico-sdk/sdk/2.1.0/lib/tinyusb/src/class/cdc/cdc_device.c.obj
 .text.tud_cdc_n_connected
                0x100037bc       0x2c CMakeFiles/Atividade_2.dir/C_/Users/amand/.pico-sdk/sdk/2.1.0/lib/tinyusb/src/class/cdc/cdc_device.c.obj
                0x100037bc                tud_cdc_n_connected
 .text.tud_cdc_n_available
                0x100037e8       0x18 CMakeFiles/Atividade_2.dir/C_/Users/amand/.pico-sdk/sdk/2.1.0/lib/tinyusb/src/class/cdc/cdc_device.c.obj
                0x100037e8                tud_cdc_n_available
 .text.tud_cdc_n_read
                0x10003800       0x90 CMakeFiles/Atividade_2.dir/C_/Users/amand/.pico-sdk/sdk/2.1.0/lib/tinyusb/src/class/cdc/cdc_device.c.obj
                0x10003800                tud_cdc_n_read
 .text.tud_cdc_n_write_flush
                0x10003890       0x8c CMakeFiles/Atividade_2.dir/C_/Users/amand/.pico-sdk/sdk/2.1.0/lib/tinyusb/src/class/cdc/cdc_device.c.obj
                0x10003890                tud_cdc_n_write_flush
 .text.tud_cdc_n_write
                0x1000391c       0x40 CMakeFiles/Atividade_2.dir/C_/Users/amand/.pico-sdk/sdk/2.1.0/lib/tinyusb/src/class/cdc/cdc_device.c.obj
                0x1000391c                tud_cdc_n_write
 .text.tud_cdc_n_write_available
                0x1000395c       0x18 CMakeFiles/Atividade_2.dir/C_/Users/amand/.pico-sdk/sdk/2.1.0/lib/tinyusb/src/class/cdc/cdc_device.c.obj
                0x1000395c                tud_cdc_n_write_available
 .text.cdcd_init
                0x10003974       0x78 CMakeFiles/Atividade_2.dir/C_/Users/amand/.pico-sdk/sdk/2.1.0/lib/tinyusb/src/class/cdc/cdc_device.c.obj
                0x10003974                cdcd_init
 .text.cdcd_deinit
                0x100039ec       0x2c CMakeFiles/Atividade_2.dir/C_/Users/amand/.pico-sdk/sdk/2.1.0/lib/tinyusb/src/class/cdc/cdc_device.c.obj
                0x100039ec                cdcd_deinit
 .text.cdcd_reset
                0x10003a18       0x4c CMakeFiles/Atividade_2.dir/C_/Users/amand/.pico-sdk/sdk/2.1.0/lib/tinyusb/src/class/cdc/cdc_device.c.obj
                0x10003a18                cdcd_reset
 .text.cdcd_open
                0x10003a64       0xb4 CMakeFiles/Atividade_2.dir/C_/Users/amand/.pico-sdk/sdk/2.1.0/lib/tinyusb/src/class/cdc/cdc_device.c.obj
                0x10003a64                cdcd_open
 .text.cdcd_control_xfer_cb
                0x10003b18       0xc4 CMakeFiles/Atividade_2.dir/C_/Users/amand/.pico-sdk/sdk/2.1.0/lib/tinyusb/src/class/cdc/cdc_device.c.obj
                0x10003b18                cdcd_control_xfer_cb
 .text.cdcd_xfer_cb
                0x10003bdc       0xfc CMakeFiles/Atividade_2.dir/C_/Users/amand/.pico-sdk/sdk/2.1.0/lib/tinyusb/src/class/cdc/cdc_device.c.obj
                0x10003bdc                cdcd_xfer_cb
 .text.vendord_init
                0x10003cd8       0x5c CMakeFiles/Atividade_2.dir/C_/Users/amand/.pico-sdk/sdk/2.1.0/lib/tinyusb/src/class/vendor/vendor_device.c.obj
                0x10003cd8                vendord_init
 .text.vendord_deinit
                0x10003d34       0x1c CMakeFiles/Atividade_2.dir/C_/Users/amand/.pico-sdk/sdk/2.1.0/lib/tinyusb/src/class/vendor/vendor_device.c.obj
                0x10003d34                vendord_deinit
 .text.vendord_reset
                0x10003d50       0x20 CMakeFiles/Atividade_2.dir/C_/Users/amand/.pico-sdk/sdk/2.1.0/lib/tinyusb/src/class/vendor/vendor_device.c.obj
                0x10003d50                vendord_reset
 .text.vendord_open
                0x10003d70      0x108 CMakeFiles/Atividade_2.dir/C_/Users/amand/.pico-sdk/sdk/2.1.0/lib/tinyusb/src/class/vendor/vendor_device.c.obj
                0x10003d70                vendord_open
 .text.vendord_xfer_cb
                0x10003e78       0x88 CMakeFiles/Atividade_2.dir/C_/Users/amand/.pico-sdk/sdk/2.1.0/lib/tinyusb/src/class/vendor/vendor_device.c.obj
                0x10003e78                vendord_xfer_cb
 .text.tusb_init
                0x10003f00       0x1c CMakeFiles/Atividade_2.dir/C_/Users/amand/.pico-sdk/sdk/2.1.0/lib/tinyusb/src/tusb.c.obj
                0x10003f00                tusb_init
 .text.tu_edpt_claim
                0x10003f1c       0x54 CMakeFiles/Atividade_2.dir/C_/Users/amand/.pico-sdk/sdk/2.1.0/lib/tinyusb/src/tusb.c.obj
                0x10003f1c                tu_edpt_claim
 .text.tu_edpt_release
                0x10003f70       0x38 CMakeFiles/Atividade_2.dir/C_/Users/amand/.pico-sdk/sdk/2.1.0/lib/tinyusb/src/tusb.c.obj
                0x10003f70                tu_edpt_release
 .text.tu_edpt_validate
                0x10003fa8       0x64 CMakeFiles/Atividade_2.dir/C_/Users/amand/.pico-sdk/sdk/2.1.0/lib/tinyusb/src/tusb.c.obj
                0x10003fa8                tu_edpt_validate
 .text.tu_edpt_bind_driver
                0x1000400c       0x58 CMakeFiles/Atividade_2.dir/C_/Users/amand/.pico-sdk/sdk/2.1.0/lib/tinyusb/src/tusb.c.obj
                0x1000400c                tu_edpt_bind_driver
 .text.tu_edpt_stream_init
                0x10004064       0x58 CMakeFiles/Atividade_2.dir/C_/Users/amand/.pico-sdk/sdk/2.1.0/lib/tinyusb/src/tusb.c.obj
                0x10004064                tu_edpt_stream_init
 .text.tu_edpt_stream_deinit
                0x100040bc        0x4 CMakeFiles/Atividade_2.dir/C_/Users/amand/.pico-sdk/sdk/2.1.0/lib/tinyusb/src/tusb.c.obj
                0x100040bc                tu_edpt_stream_deinit
 .text.tu_edpt_stream_write_zlp_if_needed
                0x100040c0       0x68 CMakeFiles/Atividade_2.dir/C_/Users/amand/.pico-sdk/sdk/2.1.0/lib/tinyusb/src/tusb.c.obj
                0x100040c0                tu_edpt_stream_write_zlp_if_needed
 .text.tu_edpt_stream_write_xfer
                0x10004128       0x70 CMakeFiles/Atividade_2.dir/C_/Users/amand/.pico-sdk/sdk/2.1.0/lib/tinyusb/src/tusb.c.obj
                0x10004128                tu_edpt_stream_write_xfer
 .text.tu_edpt_stream_read_xfer
                0x10004198       0xd0 CMakeFiles/Atividade_2.dir/C_/Users/amand/.pico-sdk/sdk/2.1.0/lib/tinyusb/src/tusb.c.obj
                0x10004198                tu_edpt_stream_read_xfer
 .text.tu_fifo_config
                0x10004268       0x60 CMakeFiles/Atividade_2.dir/C_/Users/amand/.pico-sdk/sdk/2.1.0/lib/tinyusb/src/common/tusb_fifo.c.obj
                0x10004268                tu_fifo_config
 .text.tu_fifo_count
                0x100042c8       0x20 CMakeFiles/Atividade_2.dir/C_/Users/amand/.pico-sdk/sdk/2.1.0/lib/tinyusb/src/common/tusb_fifo.c.obj
                0x100042c8                tu_fifo_count
 .text.tu_fifo_empty
                0x100042e8       0x14 CMakeFiles/Atividade_2.dir/C_/Users/amand/.pico-sdk/sdk/2.1.0/lib/tinyusb/src/common/tusb_fifo.c.obj
                0x100042e8                tu_fifo_empty
 .text.tu_fifo_remaining
                0x100042fc       0x24 CMakeFiles/Atividade_2.dir/C_/Users/amand/.pico-sdk/sdk/2.1.0/lib/tinyusb/src/common/tusb_fifo.c.obj
                0x100042fc                tu_fifo_remaining
 .text.tu_fifo_read
                0x10004320       0x94 CMakeFiles/Atividade_2.dir/C_/Users/amand/.pico-sdk/sdk/2.1.0/lib/tinyusb/src/common/tusb_fifo.c.obj
                0x10004320                tu_fifo_read
 .text.tu_fifo_read_n
                0x100043b4       0xd8 CMakeFiles/Atividade_2.dir/C_/Users/amand/.pico-sdk/sdk/2.1.0/lib/tinyusb/src/common/tusb_fifo.c.obj
                0x100043b4                tu_fifo_read_n
 .text.tu_fifo_write
                0x1000448c       0xa0 CMakeFiles/Atividade_2.dir/C_/Users/amand/.pico-sdk/sdk/2.1.0/lib/tinyusb/src/common/tusb_fifo.c.obj
                0x1000448c                tu_fifo_write
 .text.tu_fifo_write_n
                0x1000452c      0x158 CMakeFiles/Atividade_2.dir/C_/Users/amand/.pico-sdk/sdk/2.1.0/lib/tinyusb/src/common/tusb_fifo.c.obj
                0x1000452c                tu_fifo_write_n
 .text.tu_fifo_clear
                0x10004684       0x38 CMakeFiles/Atividade_2.dir/C_/Users/amand/.pico-sdk/sdk/2.1.0/lib/tinyusb/src/common/tusb_fifo.c.obj
                0x10004684                tu_fifo_clear
 .text.tu_fifo_set_overwritable
                0x100046bc       0x3c CMakeFiles/Atividade_2.dir/C_/Users/amand/.pico-sdk/sdk/2.1.0/lib/tinyusb/src/common/tusb_fifo.c.obj
                0x100046bc                tu_fifo_set_overwritable
 .text.memset   0x100046f8       0xa4 C:/Users/amand/.pico-sdk/toolchain/13_3_Rel1/bin/../lib/gcc/arm-none-eabi/13.3.1/thumb/v8-m.main+fp/softfp\libg.a(libc_a-memset.o)
                0x100046f8                memset
 .text          0x1000479c       0xec C:/Users/amand/.pico-sdk/toolchain/13_3_Rel1/bin/../lib/gcc/arm-none-eabi/13.3.1/thumb/v8-m.main+fp/softfp\libg.a(libc_a-memcpy.o)
                0x1000479c                memcpy
 .text.strlen   0x10004888       0x5c C:/Users/amand/.pico-sdk/toolchain/13_3_Rel1/bin/../lib/gcc/arm-none-eabi/13.3.1/thumb/v8-m.main+fp/softfp\libg.a(libc_a-strlen-stub.o)
                0x10004888                strlen
 *(.fini)
 .fini          0x100048e4        0x4 C:/Users/amand/.pico-sdk/toolchain/13_3_Rel1/bin/../lib/gcc/arm-none-eabi/13.3.1/thumb/v8-m.main+fp/softfp/crti.o
                0x100048e4                _fini
 .fini.__stub   0x100048e8       0x48 linker stubs
 *crtbegin.o(.ctors)
 *crtbegin?.o(.ctors)
 *(EXCLUDE_FILE(*crtend.o *crtend?.o) .ctors)
 *(SORT_BY_NAME(.ctors.*))
 *(.ctors)
 *crtbegin.o(.dtors)
 *crtbegin?.o(.dtors)
 *(EXCLUDE_FILE(*crtend.o *crtend?.o) .dtors)
 *(SORT_BY_NAME(.dtors.*))
 *(.dtors)
                0x10004930                        . = ALIGN (0x4)
                0x10004930                        PROVIDE (__preinit_array_start = .)
 *(SORT_BY_NAME(.preinit_array.*))
 .preinit_array.00050
                0x10004930        0x4 CMakeFiles/Atividade_2.dir/C_/Users/amand/.pico-sdk/sdk/2.1.0/src/rp2_common/pico_runtime_init/runtime_init.c.obj
                0x10004930                __pre_init_runtime_init_bootrom_reset
 .preinit_array.00100
                0x10004934        0x4 CMakeFiles/Atividade_2.dir/C_/Users/amand/.pico-sdk/sdk/2.1.0/src/rp2_common/pico_runtime_init/runtime_init.c.obj
                0x10004934                __pre_init_runtime_init_early_resets
 .preinit_array.00101
                0x10004938        0x4 CMakeFiles/Atividade_2.dir/C_/Users/amand/.pico-sdk/sdk/2.1.0/src/rp2_common/pico_runtime_init/runtime_init.c.obj
                0x10004938                __pre_init_runtime_init_usb_power_down
 .preinit_array.00500
                0x1000493c        0x4 CMakeFiles/Atividade_2.dir/C_/Users/amand/.pico-sdk/sdk/2.1.0/src/rp2_common/pico_runtime_init/runtime_init.c.obj
                0x1000493c                __pre_init_runtime_init_clocks
 .preinit_array.00600
                0x10004940        0x4 CMakeFiles/Atividade_2.dir/C_/Users/amand/.pico-sdk/sdk/2.1.0/src/rp2_common/pico_runtime_init/runtime_init.c.obj
                0x10004940                __pre_init_runtime_init_post_clock_resets
 .preinit_array.01000
                0x10004944        0x4 CMakeFiles/Atividade_2.dir/C_/Users/amand/.pico-sdk/sdk/2.1.0/src/rp2_common/hardware_boot_lock/boot_lock.c.obj
                0x10004944                __pre_init_runtime_init_boot_locks_reset
 .preinit_array.01000
                0x10004948        0x4 CMakeFiles/Atividade_2.dir/C_/Users/amand/.pico-sdk/sdk/2.1.0/src/rp2_common/pico_runtime_init/runtime_init.c.obj
                0x10004948                __pre_init_runtime_init_spin_locks_reset
 .preinit_array.01010
                0x1000494c        0x4 CMakeFiles/Atividade_2.dir/C_/Users/amand/.pico-sdk/sdk/2.1.0/src/rp2_common/pico_bootrom/bootrom_lock.c.obj
                0x1000494c                __pre_init_runtime_init_bootrom_locking_enable
 .preinit_array.01100
                0x10004950        0x4 CMakeFiles/Atividade_2.dir/C_/Users/amand/.pico-sdk/sdk/2.1.0/src/common/pico_sync/mutex.c.obj
                0x10004950                __pre_init_runtime_init_mutex
 .preinit_array.10080
                0x10004954        0x4 CMakeFiles/Atividade_2.dir/C_/Users/amand/.pico-sdk/sdk/2.1.0/src/rp2_common/pico_runtime_init/runtime_init.c.obj
                0x10004954                __pre_init_runtime_init_install_ram_vector_table
 .preinit_array.11000
                0x10004958        0x4 CMakeFiles/Atividade_2.dir/C_/Users/amand/.pico-sdk/sdk/2.1.0/src/common/pico_time/time.c.obj
                0x10004958                __pre_init_runtime_init_default_alarm_pool
 .preinit_array.YYYYY
                0x1000495c        0x4 CMakeFiles/Atividade_2.dir/C_/Users/amand/.pico-sdk/sdk/2.1.0/src/rp2_common/pico_runtime/runtime.c.obj
                0x1000495c                __pre_init_first_per_core_initializer
 .preinit_array.ZZZZZ.00051
                0x10004960        0x4 CMakeFiles/Atividade_2.dir/C_/Users/amand/.pico-sdk/sdk/2.1.0/src/rp2_common/pico_runtime_init/runtime_init.c.obj
                0x10004960                __pre_init_runtime_init_per_core_bootrom_reset
 .preinit_array.ZZZZZ.00200
                0x10004964        0x4 CMakeFiles/Atividade_2.dir/C_/Users/amand/.pico-sdk/sdk/2.1.0/src/rp2_common/pico_runtime_init/runtime_init.c.obj
                0x10004964                __pre_init_runtime_init_per_core_enable_coprocessors
 .preinit_array.ZZZZZ.01000
                0x10004968        0x4 CMakeFiles/Atividade_2.dir/C_/Users/amand/.pico-sdk/sdk/2.1.0/src/rp2_common/hardware_sync_spin_lock/sync_spin_lock.c.obj
                0x10004968                __pre_init_spinlock_set_extexclall
 .preinit_array.ZZZZZ.01200
                0x1000496c        0x4 CMakeFiles/Atividade_2.dir/C_/Users/amand/.pico-sdk/sdk/2.1.0/src/rp2_common/hardware_irq/irq.c.obj
                0x1000496c                __pre_init_runtime_init_per_core_irq_priorities
 *(.preinit_array)
                0x10004970                        PROVIDE (__preinit_array_end = .)
                0x10004970                        . = ALIGN (0x4)
                0x10004970                        PROVIDE (__init_array_start = .)
 *(SORT_BY_NAME(.init_array.*))
 *(.init_array)
 .init_array    0x10004970        0x4 C:/Users/amand/.pico-sdk/toolchain/13_3_Rel1/bin/../lib/gcc/arm-none-eabi/13.3.1/thumb/v8-m.main+fp/softfp/crtbegin.o
 .init_array    0x10004974        0x4 CMakeFiles/Atividade_2.dir/C_/Users/amand/.pico-sdk/sdk/2.1.0/src/rp2_common/pico_unique_id/unique_id.c.obj
                0x10004978                        PROVIDE (__init_array_end = .)
                0x10004978                        . = ALIGN (0x4)
                [!provide]                        PROVIDE (__fini_array_start = .)
 *(SORT_BY_NAME(.fini_array.*))
 *(.fini_array)
                [!provide]                        PROVIDE (__fini_array_end = .)
 *(.eh_frame*)
 .eh_frame      0x10004978        0x0 C:/Users/amand/.pico-sdk/toolchain/13_3_Rel1/bin/../lib/gcc/arm-none-eabi/13.3.1/thumb/v8-m.main+fp/softfp/crtbegin.o
                0x10004978                        . = ALIGN (0x4)

.glue_7         0x10004978        0x0
 .glue_7        0x10004978        0x0 linker stubs

.glue_7t        0x10004978        0x0
 .glue_7t       0x10004978        0x0 linker stubs

.vfp11_veneer   0x10004978        0x0
 .vfp11_veneer  0x10004978        0x0 linker stubs

.v4_bx          0x10004978        0x0
 .v4_bx         0x10004978        0x0 linker stubs

.iplt           0x10004978        0x0
 .iplt          0x10004978        0x0 C:/Users/amand/.pico-sdk/toolchain/13_3_Rel1/bin/../lib/gcc/arm-none-eabi/13.3.1/thumb/v8-m.main+fp/softfp/crtbegin.o

.boot2          0x10004978        0x0
                0x10004978                        __boot2_start__ = .
 *(.boot2)
                0x10004978                        __boot2_end__ = .
                0x00000001                        ASSERT (((__boot2_end__ - __boot2_start__) <= 0x100), ERROR: Pico second stage bootloader must be no more than 256 bytes in size)

.rodata         0x10004978      0x410
 *(EXCLUDE_FILE(*libm.a: *libc.a:*lib_a-mem*.o *libgcc.a:) .rodata*)
 .rodata.callback_desliga_led.str1.4
                0x10004978      0x1d8 CMakeFiles/Atividade_2.dir/Atividade_2.c.obj
                                 0x16 (size before relaxing)
 .rodata.main.str1.4
                0x10004b50       0x38 CMakeFiles/Atividade_2.dir/Atividade_2.c.obj
 .rodata.panic.str1.4
                0x10004b50       0x12 CMakeFiles/Atividade_2.dir/C_/Users/amand/.pico-sdk/sdk/2.1.0/src/rp2_common/pico_platform_panic/panic.c.obj
 .rodata.spin_lock_claim_unused.str1.4
                0x10004b50       0x1b CMakeFiles/Atividade_2.dir/C_/Users/amand/.pico-sdk/sdk/2.1.0/src/rp2_common/hardware_sync/sync.c.obj
 .rodata.user_irq_claim_unused.str1.4
                0x10004b50       0x1b CMakeFiles/Atividade_2.dir/C_/Users/amand/.pico-sdk/sdk/2.1.0/src/rp2_common/hardware_irq/irq.c.obj
 .rodata.timer_hardware_alarm_claim.str1.4
                0x10004b50       0x22 CMakeFiles/Atividade_2.dir/C_/Users/amand/.pico-sdk/sdk/2.1.0/src/rp2_common/hardware_timer/timer.c.obj
 .rodata.hard_assertion_failure.str1.4
                0x10004b50        0xc CMakeFiles/Atividade_2.dir/C_/Users/amand/.pico-sdk/sdk/2.1.0/src/rp2_common/pico_runtime/runtime.c.obj
 .rodata.str1.4
                0x10004b50       0x44 CMakeFiles/Atividade_2.dir/C_/Users/amand/.pico-sdk/sdk/2.1.0/src/rp2_common/pico_standard_binary_info/standard_binary_info.c.obj
 .rodata.__bi_84
                0x10004b50        0xc CMakeFiles/Atividade_2.dir/C_/Users/amand/.pico-sdk/sdk/2.1.0/src/rp2_common/pico_standard_binary_info/standard_binary_info.c.obj
 .rodata.__bi_78
                0x10004b5c        0xc CMakeFiles/Atividade_2.dir/C_/Users/amand/.pico-sdk/sdk/2.1.0/src/rp2_common/pico_standard_binary_info/standard_binary_info.c.obj
 .rodata.__bi_60
                0x10004b68        0xc CMakeFiles/Atividade_2.dir/C_/Users/amand/.pico-sdk/sdk/2.1.0/src/rp2_common/pico_standard_binary_info/standard_binary_info.c.obj
 .rodata.__bi_54
                0x10004b74        0xc CMakeFiles/Atividade_2.dir/C_/Users/amand/.pico-sdk/sdk/2.1.0/src/rp2_common/pico_standard_binary_info/standard_binary_info.c.obj
 .rodata.__bi_48
                0x10004b80        0xc CMakeFiles/Atividade_2.dir/C_/Users/amand/.pico-sdk/sdk/2.1.0/src/rp2_common/pico_standard_binary_info/standard_binary_info.c.obj
 .rodata.__bi_42
                0x10004b8c        0xc CMakeFiles/Atividade_2.dir/C_/Users/amand/.pico-sdk/sdk/2.1.0/src/rp2_common/pico_standard_binary_info/standard_binary_info.c.obj
 .rodata.__bi_34
                0x10004b98        0xc CMakeFiles/Atividade_2.dir/C_/Users/amand/.pico-sdk/sdk/2.1.0/src/rp2_common/pico_standard_binary_info/standard_binary_info.c.obj
 .rodata.__bi_26
                0x10004ba4        0xc CMakeFiles/Atividade_2.dir/C_/Users/amand/.pico-sdk/sdk/2.1.0/src/rp2_common/pico_standard_binary_info/standard_binary_info.c.obj
 .rodata.crlf_str.0
                0x10004bb0        0x2 CMakeFiles/Atividade_2.dir/C_/Users/amand/.pico-sdk/sdk/2.1.0/src/rp2_common/pico_stdio/stdio.c.obj
 .rodata.str1.4
                0x10004bb2       0x2c CMakeFiles/Atividade_2.dir/C_/Users/amand/.pico-sdk/sdk/2.1.0/src/rp2_common/pico_stdio_uart/stdio_uart.c.obj
 *fill*         0x10004bb2        0x2 
 .rodata.__bi_45.4
                0x10004bb4        0xc CMakeFiles/Atividade_2.dir/C_/Users/amand/.pico-sdk/sdk/2.1.0/src/rp2_common/pico_stdio_uart/stdio_uart.c.obj
 .rodata.__bi_49.5
                0x10004bc0        0x8 CMakeFiles/Atividade_2.dir/C_/Users/amand/.pico-sdk/sdk/2.1.0/src/rp2_common/pico_stdio_uart/stdio_uart.c.obj
 .rodata.__bi_50.6
                0x10004bc8        0x8 CMakeFiles/Atividade_2.dir/C_/Users/amand/.pico-sdk/sdk/2.1.0/src/rp2_common/pico_stdio_uart/stdio_uart.c.obj
 .rodata._resetd_driver
                0x10004bd0       0x20 CMakeFiles/Atividade_2.dir/C_/Users/amand/.pico-sdk/sdk/2.1.0/src/rp2_common/pico_stdio_usb/reset_interface.c.obj
 .rodata.desc_ms_os_20
                0x10004bf0       0xa6 CMakeFiles/Atividade_2.dir/C_/Users/amand/.pico-sdk/sdk/2.1.0/src/rp2_common/pico_stdio_usb/reset_interface.c.obj
 *fill*         0x10004c96        0x2 
 .rodata.desc_bos
                0x10004c98       0x21 CMakeFiles/Atividade_2.dir/C_/Users/amand/.pico-sdk/sdk/2.1.0/src/rp2_common/pico_stdio_usb/reset_interface.c.obj
                0x10004c98                desc_bos
 .rodata.str1.4
                0x10004cb9       0x13 CMakeFiles/Atividade_2.dir/C_/Users/amand/.pico-sdk/sdk/2.1.0/src/rp2_common/pico_stdio_usb/stdio_usb.c.obj
 *fill*         0x10004cb9        0x3 
 .rodata.__bi_197.0
                0x10004cbc        0xc CMakeFiles/Atividade_2.dir/C_/Users/amand/.pico-sdk/sdk/2.1.0/src/rp2_common/pico_stdio_usb/stdio_usb.c.obj
 .rodata.str1.4
                0x10004cc8       0x2a CMakeFiles/Atividade_2.dir/C_/Users/amand/.pico-sdk/sdk/2.1.0/src/rp2_common/pico_stdio_usb/stdio_usb_descriptors.c.obj
 .rodata.usbd_desc_str
                0x10004cc8       0x18 CMakeFiles/Atividade_2.dir/C_/Users/amand/.pico-sdk/sdk/2.1.0/src/rp2_common/pico_stdio_usb/stdio_usb_descriptors.c.obj
 .rodata.usbd_desc_cfg
                0x10004ce0       0x54 CMakeFiles/Atividade_2.dir/C_/Users/amand/.pico-sdk/sdk/2.1.0/src/rp2_common/pico_stdio_usb/stdio_usb_descriptors.c.obj
 .rodata.usbd_desc_device
                0x10004d34       0x12 CMakeFiles/Atividade_2.dir/C_/Users/amand/.pico-sdk/sdk/2.1.0/src/rp2_common/pico_stdio_usb/stdio_usb_descriptors.c.obj
 .rodata.str1.4
                0x10004d46       0x14 CMakeFiles/Atividade_2.dir/C_/Users/amand/.pico-sdk/sdk/2.1.0/lib/tinyusb/src/portable/raspberrypi/rp2040/dcd_rp2040.c.obj
 .rodata.str1.4
                0x10004d46       0x48 CMakeFiles/Atividade_2.dir/C_/Users/amand/.pico-sdk/sdk/2.1.0/lib/tinyusb/src/portable/raspberrypi/rp2040/rp2040_usb.c.obj
 *fill*         0x10004d46        0x2 
 .rodata._usbd_driver
                0x10004d48       0x40 CMakeFiles/Atividade_2.dir/C_/Users/amand/.pico-sdk/sdk/2.1.0/lib/tinyusb/src/device/usbd.c.obj
 *(.srodata*)
                0x10004d88                        . = ALIGN (0x4)
 *(SORT_BY_ALIGNMENT(SORT_BY_NAME(.flashdata*)))
                0x10004d88                        . = ALIGN (0x4)

.ARM.extab
 *(.ARM.extab* .gnu.linkonce.armextab.*)
                0x10004d88                        __exidx_start = .

.ARM.exidx      0x10004d88        0x8
 *(.ARM.exidx* .gnu.linkonce.armexidx.*)
 .ARM.exidx     0x10004d88        0x8 C:/Users/amand/.pico-sdk/toolchain/13_3_Rel1/bin/../lib/gcc/arm-none-eabi/13.3.1/thumb/v8-m.main+fp/softfp\libg.a(libc_a-memcpy.o)
                0x10004d90                        __exidx_end = .
                0x10004d90                        . = ALIGN (0x4)
                0x10004d90                        __binary_info_start = .

.binary_info    0x10004d90       0x30
 *(.binary_info.keep.*)
 .binary_info.keep.__bi_ptr84
                0x10004d90        0x4 CMakeFiles/Atividade_2.dir/C_/Users/amand/.pico-sdk/sdk/2.1.0/src/rp2_common/pico_standard_binary_info/standard_binary_info.c.obj
 .binary_info.keep.__bi_ptr78
                0x10004d94        0x4 CMakeFiles/Atividade_2.dir/C_/Users/amand/.pico-sdk/sdk/2.1.0/src/rp2_common/pico_standard_binary_info/standard_binary_info.c.obj
 .binary_info.keep.__bi_ptr60
                0x10004d98        0x4 CMakeFiles/Atividade_2.dir/C_/Users/amand/.pico-sdk/sdk/2.1.0/src/rp2_common/pico_standard_binary_info/standard_binary_info.c.obj
 .binary_info.keep.__bi_ptr54
                0x10004d9c        0x4 CMakeFiles/Atividade_2.dir/C_/Users/amand/.pico-sdk/sdk/2.1.0/src/rp2_common/pico_standard_binary_info/standard_binary_info.c.obj
 .binary_info.keep.__bi_ptr48
                0x10004da0        0x4 CMakeFiles/Atividade_2.dir/C_/Users/amand/.pico-sdk/sdk/2.1.0/src/rp2_common/pico_standard_binary_info/standard_binary_info.c.obj
 .binary_info.keep.__bi_ptr42
                0x10004da4        0x4 CMakeFiles/Atividade_2.dir/C_/Users/amand/.pico-sdk/sdk/2.1.0/src/rp2_common/pico_standard_binary_info/standard_binary_info.c.obj
 .binary_info.keep.__bi_ptr34
                0x10004da8        0x4 CMakeFiles/Atividade_2.dir/C_/Users/amand/.pico-sdk/sdk/2.1.0/src/rp2_common/pico_standard_binary_info/standard_binary_info.c.obj
 .binary_info.keep.__bi_ptr26
                0x10004dac        0x4 CMakeFiles/Atividade_2.dir/C_/Users/amand/.pico-sdk/sdk/2.1.0/src/rp2_common/pico_standard_binary_info/standard_binary_info.c.obj
 *(.binary_info.*)
 .binary_info.__bi_ptr50
                0x10004db0        0x4 CMakeFiles/Atividade_2.dir/C_/Users/amand/.pico-sdk/sdk/2.1.0/src/rp2_common/pico_stdio_uart/stdio_uart.c.obj
 .binary_info.__bi_ptr49
                0x10004db4        0x4 CMakeFiles/Atividade_2.dir/C_/Users/amand/.pico-sdk/sdk/2.1.0/src/rp2_common/pico_stdio_uart/stdio_uart.c.obj
 .binary_info.__bi_ptr45
                0x10004db8        0x4 CMakeFiles/Atividade_2.dir/C_/Users/amand/.pico-sdk/sdk/2.1.0/src/rp2_common/pico_stdio_uart/stdio_uart.c.obj
 .binary_info.__bi_ptr197
                0x10004dbc        0x4 CMakeFiles/Atividade_2.dir/C_/Users/amand/.pico-sdk/sdk/2.1.0/src/rp2_common/pico_stdio_usb/stdio_usb.c.obj
                0x10004dc0                        __binary_info_end = .
                0x10004dc0                        . = ALIGN (0x4)

.ram_vector_table
                0x20000000      0x110
 *(.ram_vector_table)
 .ram_vector_table
                0x20000000      0x110 CMakeFiles/Atividade_2.dir/C_/Users/amand/.pico-sdk/sdk/2.1.0/src/rp2_common/pico_runtime_init/runtime_init.c.obj
                0x20000000                ram_vector_table

.uninitialized_data
                0x20000110        0x0
                0x20000110                        . = ALIGN (0x4)
 *(.uninitialized_data*)

.data           0x20000110      0xde4 load address 0x10004dc0
                0x20000110                        __data_start__ = .
 *(vtable)
 *(.time_critical*)
 .time_critical.mutex_try_enter
                0x20000110       0x50 CMakeFiles/Atividade_2.dir/C_/Users/amand/.pico-sdk/sdk/2.1.0/src/common/pico_sync/mutex.c.obj
                0x20000110                mutex_try_enter
 .time_critical.mutex_enter_block_until
                0x20000160       0x70 CMakeFiles/Atividade_2.dir/C_/Users/amand/.pico-sdk/sdk/2.1.0/src/common/pico_sync/mutex.c.obj
                0x20000160                mutex_enter_block_until
 .time_critical.mutex_try_enter_block_until
                0x200001d0       0x6c CMakeFiles/Atividade_2.dir/C_/Users/amand/.pico-sdk/sdk/2.1.0/src/common/pico_sync/mutex.c.obj
                0x200001d0                mutex_try_enter_block_until
 .time_critical.mutex_enter_timeout_ms
                0x2000023c       0x38 CMakeFiles/Atividade_2.dir/C_/Users/amand/.pico-sdk/sdk/2.1.0/src/common/pico_sync/mutex.c.obj
                0x2000023c                mutex_enter_timeout_ms
 .time_critical.mutex_exit
                0x20000274       0x3c CMakeFiles/Atividade_2.dir/C_/Users/amand/.pico-sdk/sdk/2.1.0/src/common/pico_sync/mutex.c.obj
                0x20000274                mutex_exit
 .time_critical.reset_non_control_endpoints
                0x200002b0       0x64 CMakeFiles/Atividade_2.dir/C_/Users/amand/.pico-sdk/sdk/2.1.0/lib/tinyusb/src/portable/raspberrypi/rp2040/dcd_rp2040.c.obj
 .time_critical.hw_handle_buff_status
                0x20000314       0x98 CMakeFiles/Atividade_2.dir/C_/Users/amand/.pico-sdk/sdk/2.1.0/lib/tinyusb/src/portable/raspberrypi/rp2040/dcd_rp2040.c.obj
 .time_critical.dcd_rp2040_irq
                0x200003ac      0x540 CMakeFiles/Atividade_2.dir/C_/Users/amand/.pico-sdk/sdk/2.1.0/lib/tinyusb/src/portable/raspberrypi/rp2040/dcd_rp2040.c.obj
 .time_critical.prepare_ep_buffer
                0x200008ec       0xd0 CMakeFiles/Atividade_2.dir/C_/Users/amand/.pico-sdk/sdk/2.1.0/lib/tinyusb/src/portable/raspberrypi/rp2040/rp2040_usb.c.obj
 .time_critical.sync_ep_buffer
                0x200009bc       0xb8 CMakeFiles/Atividade_2.dir/C_/Users/amand/.pico-sdk/sdk/2.1.0/lib/tinyusb/src/portable/raspberrypi/rp2040/rp2040_usb.c.obj
 .time_critical._hw_endpoint_xfer_sync
                0x20000a74       0x2c CMakeFiles/Atividade_2.dir/C_/Users/amand/.pico-sdk/sdk/2.1.0/lib/tinyusb/src/portable/raspberrypi/rp2040/rp2040_usb.c.obj
 .time_critical.e15_is_bulkin_ep
                0x20000aa0       0x28 CMakeFiles/Atividade_2.dir/C_/Users/amand/.pico-sdk/sdk/2.1.0/lib/tinyusb/src/portable/raspberrypi/rp2040/rp2040_usb.c.obj
 .time_critical.e15_is_critical_frame_period
                0x20000ac8       0x28 CMakeFiles/Atividade_2.dir/C_/Users/amand/.pico-sdk/sdk/2.1.0/lib/tinyusb/src/portable/raspberrypi/rp2040/rp2040_usb.c.obj
 .time_critical.hw_endpoint_reset_transfer
                0x20000af0        0xc CMakeFiles/Atividade_2.dir/C_/Users/amand/.pico-sdk/sdk/2.1.0/lib/tinyusb/src/portable/raspberrypi/rp2040/rp2040_usb.c.obj
                0x20000af0                hw_endpoint_reset_transfer
 .time_critical._hw_endpoint_buffer_control_update32
                0x20000afc       0x44 CMakeFiles/Atividade_2.dir/C_/Users/amand/.pico-sdk/sdk/2.1.0/lib/tinyusb/src/portable/raspberrypi/rp2040/rp2040_usb.c.obj
                0x20000afc                _hw_endpoint_buffer_control_update32
 .time_critical.hw_endpoint_start_next_buffer
                0x20000b40       0x64 CMakeFiles/Atividade_2.dir/C_/Users/amand/.pico-sdk/sdk/2.1.0/lib/tinyusb/src/portable/raspberrypi/rp2040/rp2040_usb.c.obj
                0x20000b40                hw_endpoint_start_next_buffer
 .time_critical.hw_endpoint_xfer_continue
                0x20000ba4       0x3c CMakeFiles/Atividade_2.dir/C_/Users/amand/.pico-sdk/sdk/2.1.0/lib/tinyusb/src/portable/raspberrypi/rp2040/rp2040_usb.c.obj
                0x20000ba4                hw_endpoint_xfer_continue
 .time_critical.tinyusb
                0x20000be0      0x224 CMakeFiles/Atividade_2.dir/C_/Users/amand/.pico-sdk/sdk/2.1.0/lib/tinyusb/src/device/usbd.c.obj
                0x20000be0                dcd_event_handler
 *fill*         0x20000e04        0x4 
 .time_critical.tinyusb.__stub
                0x20000e08       0x30 linker stubs
 *(.text*)
                0x20000e38                        . = ALIGN (0x4)
 *(.rodata*)
                0x20000e38                        . = ALIGN (0x4)
 *(.data*)
 .data.striped_spin_lock_num
                0x20000e38        0x1 CMakeFiles/Atividade_2.dir/C_/Users/amand/.pico-sdk/sdk/2.1.0/src/rp2_common/hardware_sync/sync.c.obj
 *fill*         0x20000e39        0x3 
 .data          0x20000e3c       0x48 CMakeFiles/Atividade_2.dir/C_/Users/amand/.pico-sdk/sdk/2.1.0/src/rp2_common/hardware_irq/irq_handler_chain.S.obj
                0x20000e3c                irq_handler_chain_slots
                0x20000e6c                irq_handler_chain_first_slot
                0x20000e76                irq_handler_chain_remove_tail
 .data.default_alarm_pool
                0x20000e84       0x18 CMakeFiles/Atividade_2.dir/C_/Users/amand/.pico-sdk/sdk/2.1.0/src/common/pico_time/time.c.obj
 .data.stdio_uart
                0x20000e9c       0x18 CMakeFiles/Atividade_2.dir/C_/Users/amand/.pico-sdk/sdk/2.1.0/src/rp2_common/pico_stdio_uart/stdio_uart.c.obj
                0x20000e9c                stdio_uart
 .data.stdio_usb
                0x20000eb4       0x18 CMakeFiles/Atividade_2.dir/C_/Users/amand/.pico-sdk/sdk/2.1.0/src/rp2_common/pico_stdio_usb/stdio_usb.c.obj
                0x20000eb4                stdio_usb
 .data._usbd_qdef
                0x20000ecc       0x1c CMakeFiles/Atividade_2.dir/C_/Users/amand/.pico-sdk/sdk/2.1.0/lib/tinyusb/src/device/usbd.c.obj
                0x20000ecc                _usbd_qdef
 .data._usbd_rhport
                0x20000ee8        0x1 CMakeFiles/Atividade_2.dir/C_/Users/amand/.pico-sdk/sdk/2.1.0/lib/tinyusb/src/device/usbd.c.obj
 *(.sdata*)
                0x20000eec                        . = ALIGN (0x4)
 *fill*         0x20000ee9        0x3 
 *(.after_data.*)
                0x20000eec                        . = ALIGN (0x4)
                0x20000eec                        PROVIDE (__mutex_array_start = .)
 *(SORT_BY_NAME(.mutex_array.*))
 *(.mutex_array)
 .mutex_array   0x20000eec        0x8 CMakeFiles/Atividade_2.dir/C_/Users/amand/.pico-sdk/sdk/2.1.0/src/rp2_common/pico_stdio/stdio.c.obj
                0x20000ef4                        PROVIDE (__mutex_array_end = .)
 *(.jcr)
                0x20000ef4                        . = ALIGN (0x4)

.tm_clone_table
                0x20000ef4        0x0 load address 0x10005ba4
 .tm_clone_table
                0x20000ef4        0x0 C:/Users/amand/.pico-sdk/toolchain/13_3_Rel1/bin/../lib/gcc/arm-none-eabi/13.3.1/thumb/v8-m.main+fp/softfp/crtbegin.o
 .tm_clone_table
                0x20000ef4        0x0 C:/Users/amand/.pico-sdk/toolchain/13_3_Rel1/bin/../lib/gcc/arm-none-eabi/13.3.1/thumb/v8-m.main+fp/softfp/crtend.o

.igot.plt       0x20000ef4        0x0 load address 0x10005ba4
 .igot.plt      0x20000ef4        0x0 C:/Users/amand/.pico-sdk/toolchain/13_3_Rel1/bin/../lib/gcc/arm-none-eabi/13.3.1/thumb/v8-m.main+fp/softfp/crtbegin.o

.tdata          0x20000ef4        0x0 load address 0x10005ba4
                0x20000ef4                        . = ALIGN (0x4)
 *(.tdata .tdata.* .gnu.linkonce.td.*)
                0x20000ef4                        __tdata_end = .
                0x20000ef4                        PROVIDE (__data_end__ = .)
                0x10004dc0                        __etext = LOADADDR (.data)

.tbss           0x20000ef4        0x0 load address 0x10005ba4
                0x20000ef4                        . = ALIGN (0x4)
                0x20000ef4                        __bss_start__ = .
                0x20000ef4                        __tls_base = .
 *(.tbss .tbss.* .gnu.linkonce.tb.*)
 *(.tcommon)
                0x20000ef4                        __tls_end = .

.bss            0x20000ef8      0xdb8 load address 0x10005ba4
                0x20000ef8                        . = ALIGN (0x4)
                0x20000ef8                        __tbss_end = .
 *(SORT_BY_ALIGNMENT(SORT_BY_NAME(.bss*)))
 .bss._cdcd_itf
                0x20000ef8      0x2c8 CMakeFiles/Atividade_2.dir/C_/Users/amand/.pico-sdk/sdk/2.1.0/lib/tinyusb/src/class/cdc/cdc_device.c.obj
 .bss.default_alarm_pool_entries
                0x200011c0      0x180 CMakeFiles/Atividade_2.dir/C_/Users/amand/.pico-sdk/sdk/2.1.0/src/common/pico_time/time.c.obj
 .bss.last_avail_time.1
                0x20001340        0x8 CMakeFiles/Atividade_2.dir/C_/Users/amand/.pico-sdk/sdk/2.1.0/src/rp2_common/pico_stdio_usb/stdio_usb.c.obj
 .bss._app_driver
                0x20001348        0x4 CMakeFiles/Atividade_2.dir/C_/Users/amand/.pico-sdk/sdk/2.1.0/lib/tinyusb/src/device/usbd.c.obj
 .bss._cdcd_fifo_cfg
                0x2000134c        0x1 CMakeFiles/Atividade_2.dir/C_/Users/amand/.pico-sdk/sdk/2.1.0/lib/tinyusb/src/class/cdc/cdc_device.c.obj
 *fill*         0x2000134d        0x3 
 .bss._ctrl_xfer
                0x20001350       0x14 CMakeFiles/Atividade_2.dir/C_/Users/amand/.pico-sdk/sdk/2.1.0/lib/tinyusb/src/device/usbd_control.c.obj
 .bss._sw_spin_locks
                0x20001364       0x20 CMakeFiles/Atividade_2.dir/C_/Users/amand/.pico-sdk/sdk/2.1.0/src/rp2_common/hardware_sync_spin_lock/sync_spin_lock.c.obj
                0x20001364                _sw_spin_locks
 .bss._ubsd_mutexdef
                0x20001384        0x8 CMakeFiles/Atividade_2.dir/C_/Users/amand/.pico-sdk/sdk/2.1.0/lib/tinyusb/src/device/usbd.c.obj
 .bss._usbd_ctrl_buf
                0x2000138c       0x40 CMakeFiles/Atividade_2.dir/C_/Users/amand/.pico-sdk/sdk/2.1.0/lib/tinyusb/src/device/usbd_control.c.obj
 .bss._usbd_dev
                0x200013cc       0x54 CMakeFiles/Atividade_2.dir/C_/Users/amand/.pico-sdk/sdk/2.1.0/lib/tinyusb/src/device/usbd.c.obj
 .bss._usbd_mutex
                0x20001420        0x4 CMakeFiles/Atividade_2.dir/C_/Users/amand/.pico-sdk/sdk/2.1.0/lib/tinyusb/src/device/usbd.c.obj
 .bss._usbd_q   0x20001424        0x4 CMakeFiles/Atividade_2.dir/C_/Users/amand/.pico-sdk/sdk/2.1.0/lib/tinyusb/src/device/usbd.c.obj
 .bss._usbd_qdef_buf
                0x20001428       0xc0 CMakeFiles/Atividade_2.dir/C_/Users/amand/.pico-sdk/sdk/2.1.0/lib/tinyusb/src/device/usbd.c.obj
                0x20001428                _usbd_qdef_buf
 .bss._vendord_itf
                0x200014e8      0x2cc CMakeFiles/Atividade_2.dir/C_/Users/amand/.pico-sdk/sdk/2.1.0/lib/tinyusb/src/class/vendor/vendor_device.c.obj
 .bss.chars_available_callback
                0x200017b4        0x4 CMakeFiles/Atividade_2.dir/C_/Users/amand/.pico-sdk/sdk/2.1.0/src/rp2_common/pico_stdio_uart/stdio_uart.c.obj
 .bss.chars_available_callback
                0x200017b8        0x4 CMakeFiles/Atividade_2.dir/C_/Users/amand/.pico-sdk/sdk/2.1.0/src/rp2_common/pico_stdio_usb/stdio_usb.c.obj
 .bss.chars_available_param
                0x200017bc        0x4 CMakeFiles/Atividade_2.dir/C_/Users/amand/.pico-sdk/sdk/2.1.0/src/rp2_common/pico_stdio_uart/stdio_uart.c.obj
 .bss.chars_available_param
                0x200017c0        0x4 CMakeFiles/Atividade_2.dir/C_/Users/amand/.pico-sdk/sdk/2.1.0/src/rp2_common/pico_stdio_usb/stdio_usb.c.obj
 .bss.claimed   0x200017c4        0x4 CMakeFiles/Atividade_2.dir/C_/Users/amand/.pico-sdk/sdk/2.1.0/src/rp2_common/hardware_sync/sync.c.obj
 .bss.claimed   0x200017c8        0x2 CMakeFiles/Atividade_2.dir/C_/Users/amand/.pico-sdk/sdk/2.1.0/src/rp2_common/hardware_timer/timer.c.obj
 *fill*         0x200017ca        0x2 
 .bss.configured_freq
                0x200017cc       0x28 CMakeFiles/Atividade_2.dir/C_/Users/amand/.pico-sdk/sdk/2.1.0/src/rp2_common/hardware_clocks/clocks.c.obj
 .bss.desc_str.0
                0x200017f4       0x28 CMakeFiles/Atividade_2.dir/C_/Users/amand/.pico-sdk/sdk/2.1.0/src/rp2_common/pico_stdio_usb/stdio_usb_descriptors.c.obj
 .bss.drivers   0x2000181c        0x4 CMakeFiles/Atividade_2.dir/C_/Users/amand/.pico-sdk/sdk/2.1.0/src/rp2_common/pico_stdio/stdio.c.obj
 .bss.e15_last_sof
                0x20001820        0x4 CMakeFiles/Atividade_2.dir/C_/Users/amand/.pico-sdk/sdk/2.1.0/lib/tinyusb/src/portable/raspberrypi/rp2040/rp2040_usb.c.obj
                0x20001820                e15_last_sof
 .bss.etapa     0x20001824        0x4 CMakeFiles/Atividade_2.dir/Atividade_2.c.obj
                0x20001824                etapa
 .bss.filter    0x20001828        0x4 CMakeFiles/Atividade_2.dir/C_/Users/amand/.pico-sdk/sdk/2.1.0/src/rp2_common/pico_stdio/stdio.c.obj
 .bss.hw_endpoints
                0x2000182c      0x400 CMakeFiles/Atividade_2.dir/C_/Users/amand/.pico-sdk/sdk/2.1.0/lib/tinyusb/src/portable/raspberrypi/rp2040/dcd_rp2040.c.obj
 .bss.lazy_vsnprintf
                0x20001c2c        0x4 CMakeFiles/Atividade_2.dir/C_/Users/amand/.pico-sdk/sdk/2.1.0/src/rp2_common/pico_printf/printf.c.obj
 .bss.load_value
                0x20001c30        0x4 CMakeFiles/Atividade_2.dir/C_/Users/amand/.pico-sdk/sdk/2.1.0/src/rp2_common/hardware_watchdog/watchdog.c.obj
 .bss.next_buffer_ptr
                0x20001c34        0x4 CMakeFiles/Atividade_2.dir/C_/Users/amand/.pico-sdk/sdk/2.1.0/lib/tinyusb/src/portable/raspberrypi/rp2040/dcd_rp2040.c.obj
 .bss.object.0  0x20001c38       0x18 C:/Users/amand/.pico-sdk/toolchain/13_3_Rel1/bin/../lib/gcc/arm-none-eabi/13.3.1/thumb/v8-m.main+fp/softfp/crtbegin.o
 .bss.one_shot_timer_crit_sec
                0x20001c50        0x8 CMakeFiles/Atividade_2.dir/C_/Users/amand/.pico-sdk/sdk/2.1.0/src/rp2_common/pico_stdio_usb/stdio_usb.c.obj
 .bss.pools     0x20001c58       0x20 CMakeFiles/Atividade_2.dir/C_/Users/amand/.pico-sdk/sdk/2.1.0/src/common/pico_time/time.c.obj
 .bss.retrieved_id
                0x20001c78        0x8 CMakeFiles/Atividade_2.dir/C_/Users/amand/.pico-sdk/sdk/2.1.0/src/rp2_common/pico_unique_id/unique_id.c.obj
 .bss.sleep_notifier
                0x20001c80        0x4 CMakeFiles/Atividade_2.dir/C_/Users/amand/.pico-sdk/sdk/2.1.0/src/common/pico_time/time.c.obj
 .bss.stdio_usb_mutex
                0x20001c84        0x8 CMakeFiles/Atividade_2.dir/C_/Users/amand/.pico-sdk/sdk/2.1.0/src/rp2_common/pico_stdio_usb/stdio_usb.c.obj
 .bss.uart_char_to_line_feed
                0x20001c8c        0x4 CMakeFiles/Atividade_2.dir/C_/Users/amand/.pico-sdk/sdk/2.1.0/src/rp2_common/hardware_uart/uart.c.obj
                0x20001c8c                uart_char_to_line_feed
 .bss.uart_instance
                0x20001c90        0x4 CMakeFiles/Atividade_2.dir/C_/Users/amand/.pico-sdk/sdk/2.1.0/src/rp2_common/pico_stdio_uart/stdio_uart.c.obj
 .bss.usbd_serial_str
                0x20001c94       0x11 CMakeFiles/Atividade_2.dir/C_/Users/amand/.pico-sdk/sdk/2.1.0/src/rp2_common/pico_stdio_usb/stdio_usb_descriptors.c.obj
 .bss._app_driver_count
                0x20001ca5        0x1 CMakeFiles/Atividade_2.dir/C_/Users/amand/.pico-sdk/sdk/2.1.0/lib/tinyusb/src/device/usbd.c.obj
 .bss._sof_enable
                0x20001ca6        0x1 CMakeFiles/Atividade_2.dir/C_/Users/amand/.pico-sdk/sdk/2.1.0/lib/tinyusb/src/portable/raspberrypi/rp2040/dcd_rp2040.c.obj
 .bss._usbd_queued_setup
                0x20001ca7        0x1 CMakeFiles/Atividade_2.dir/C_/Users/amand/.pico-sdk/sdk/2.1.0/lib/tinyusb/src/device/usbd.c.obj
 .bss.irq_handler_chain_free_slot_head
                0x20001ca8        0x1 CMakeFiles/Atividade_2.dir/C_/Users/amand/.pico-sdk/sdk/2.1.0/src/rp2_common/hardware_irq/irq.c.obj
 .bss.itf_num   0x20001ca9        0x1 CMakeFiles/Atividade_2.dir/C_/Users/amand/.pico-sdk/sdk/2.1.0/src/rp2_common/pico_stdio_usb/reset_interface.c.obj
 .bss.low_priority_irq_num
                0x20001caa        0x1 CMakeFiles/Atividade_2.dir/C_/Users/amand/.pico-sdk/sdk/2.1.0/src/rp2_common/pico_stdio_usb/stdio_usb.c.obj
 .bss.one_shot_timer_pending
                0x20001cab        0x1 CMakeFiles/Atividade_2.dir/C_/Users/amand/.pico-sdk/sdk/2.1.0/src/rp2_common/pico_stdio_usb/stdio_usb.c.obj
 .bss.sequencia_ativa
                0x20001cac        0x1 CMakeFiles/Atividade_2.dir/Atividade_2.c.obj
                0x20001cac                sequencia_ativa
 .bss.user_irq_claimed
                0x20001cad        0x1 CMakeFiles/Atividade_2.dir/C_/Users/amand/.pico-sdk/sdk/2.1.0/src/rp2_common/hardware_irq/irq.c.obj
 *(COMMON)
                [!provide]                        PROVIDE (__global_pointer$ = (. + 0x800))
 *(.sbss*)
                0x20001cb0                        . = ALIGN (0x4)
 *fill*         0x20001cae        0x2 
                0x20001cb0                        __bss_end__ = .

.heap           0x20001cb0      0x800 load address 0x10005ba4
                0x20001cb0                        __end__ = .
                0x20001cb0                        end = __end__
 *(.heap*)
 .heap          0x20001cb0      0x800 CMakeFiles/Atividade_2.dir/C_/Users/amand/.pico-sdk/sdk/2.1.0/src/rp2_common/pico_crt0/crt0.S.obj
                0x20080000                        __HeapLimit = (ORIGIN (RAM) + LENGTH (RAM))

.scratch_x      0x20080000        0x0 load address 0x10005ba4
                0x20080000                        __scratch_x_start__ = .
 *(.scratch_x.*)
                0x20080000                        . = ALIGN (0x4)
                0x20080000                        __scratch_x_end__ = .
                0x10005ba4                        __scratch_x_source__ = LOADADDR (.scratch_x)

.scratch_y      0x20081000        0x0 load address 0x10005ba4
                0x20081000                        __scratch_y_start__ = .
 *(.scratch_y.*)
                0x20081000                        . = ALIGN (0x4)
                0x20081000                        __scratch_y_end__ = .
                0x10005ba4                        __scratch_y_source__ = LOADADDR (.scratch_y)

.stack1_dummy
 *(.stack1*)

.stack_dummy    0x20081000      0x800
 *(.stack*)
 .stack         0x20081000      0x800 CMakeFiles/Atividade_2.dir/C_/Users/amand/.pico-sdk/sdk/2.1.0/src/rp2_common/pico_crt0/crt0.S.obj

.flash_end      0x10005ba4       0x14
 *(.embedded_end_block*)
 .embedded_end_block
                0x10005ba4       0x14 CMakeFiles/Atividade_2.dir/C_/Users/amand/.pico-sdk/sdk/2.1.0/src/rp2_common/pico_crt0/crt0.S.obj
                0x10005bb8                        PROVIDE (__flash_binary_end = .)
                0x20080000                        __StackLimit = (ORIGIN (RAM) + LENGTH (RAM))
                0x20081000                        __StackOneTop = (ORIGIN (SCRATCH_X) + LENGTH (SCRATCH_X))
                0x20082000                        __StackTop = (ORIGIN (SCRATCH_Y) + LENGTH (SCRATCH_Y))
                0x20081000                        __StackOneBottom = (__StackOneTop - SIZEOF (.stack1_dummy))
                0x20081800                        __StackBottom = (__StackTop - SIZEOF (.stack_dummy))
                0x20082000                        PROVIDE (__stack = __StackTop)
                [!provide]                        PROVIDE (__heap_start = __end__)
                [!provide]                        PROVIDE (__heap_end = __HeapLimit)
                [!provide]                        PROVIDE (__tls_align = MAX (ALIGNOF (.tdata), ALIGNOF (.tbss)))
                [!provide]                        PROVIDE (__tls_size_align = (((__tls_size + __tls_align) - 0x1) & ~ ((__tls_align - 0x1))))
                [!provide]                        PROVIDE (__arm32_tls_tcb_offset = MAX (0x8, __tls_align))
                [!provide]                        PROVIDE (_end = __end__)
                [!provide]                        PROVIDE (__llvm_libc_heap_limit = __HeapLimit)
                0x00000001                        ASSERT ((__StackLimit >= __HeapLimit), region RAM overflowed)
                0x00000001                        ASSERT (((__binary_info_header_end - __logical_binary_start) <= 0x400), Binary info must be in first 1024 bytes of the binary)
                0x00000001                        ASSERT (((__embedded_block_end - __logical_binary_start) <= 0x1000), Embedded block must be in first 4096 bytes of the binary)
LOAD CMakeFiles/Atividade_2.dir/Atividade_2.c.obj
LOAD CMakeFiles/Atividade_2.dir/C_/Users/amand/.pico-sdk/sdk/2.1.0/src/rp2_common/pico_stdlib/stdlib.c.obj
LOAD CMakeFiles/Atividade_2.dir/C_/Users/amand/.pico-sdk/sdk/2.1.0/src/rp2_common/hardware_gpio/gpio.c.obj
LOAD CMakeFiles/Atividade_2.dir/C_/Users/amand/.pico-sdk/sdk/2.1.0/src/rp2350/pico_platform/platform.c.obj
LOAD CMakeFiles/Atividade_2.dir/C_/Users/amand/.pico-sdk/sdk/2.1.0/src/rp2_common/pico_platform_panic/panic.c.obj
LOAD CMakeFiles/Atividade_2.dir/C_/Users/amand/.pico-sdk/sdk/2.1.0/src/common/hardware_claim/claim.c.obj
LOAD CMakeFiles/Atividade_2.dir/C_/Users/amand/.pico-sdk/sdk/2.1.0/src/rp2_common/hardware_sync/sync.c.obj
LOAD CMakeFiles/Atividade_2.dir/C_/Users/amand/.pico-sdk/sdk/2.1.0/src/rp2_common/hardware_sync_spin_lock/sync_spin_lock.c.obj
LOAD CMakeFiles/Atividade_2.dir/C_/Users/amand/.pico-sdk/sdk/2.1.0/src/rp2_common/hardware_irq/irq.c.obj
LOAD CMakeFiles/Atividade_2.dir/C_/Users/amand/.pico-sdk/sdk/2.1.0/src/rp2_common/hardware_irq/irq_handler_chain.S.obj
LOAD CMakeFiles/Atividade_2.dir/C_/Users/amand/.pico-sdk/sdk/2.1.0/src/common/pico_sync/sem.c.obj
LOAD CMakeFiles/Atividade_2.dir/C_/Users/amand/.pico-sdk/sdk/2.1.0/src/common/pico_sync/lock_core.c.obj
LOAD CMakeFiles/Atividade_2.dir/C_/Users/amand/.pico-sdk/sdk/2.1.0/src/common/pico_sync/mutex.c.obj
LOAD CMakeFiles/Atividade_2.dir/C_/Users/amand/.pico-sdk/sdk/2.1.0/src/common/pico_sync/critical_section.c.obj
LOAD CMakeFiles/Atividade_2.dir/C_/Users/amand/.pico-sdk/sdk/2.1.0/src/common/pico_time/time.c.obj
LOAD CMakeFiles/Atividade_2.dir/C_/Users/amand/.pico-sdk/sdk/2.1.0/src/common/pico_time/timeout_helper.c.obj
LOAD CMakeFiles/Atividade_2.dir/C_/Users/amand/.pico-sdk/sdk/2.1.0/src/rp2_common/hardware_timer/timer.c.obj
LOAD CMakeFiles/Atividade_2.dir/C_/Users/amand/.pico-sdk/sdk/2.1.0/src/common/pico_util/datetime.c.obj
LOAD CMakeFiles/Atividade_2.dir/C_/Users/amand/.pico-sdk/sdk/2.1.0/src/common/pico_util/pheap.c.obj
LOAD CMakeFiles/Atividade_2.dir/C_/Users/amand/.pico-sdk/sdk/2.1.0/src/common/pico_util/queue.c.obj
LOAD CMakeFiles/Atividade_2.dir/C_/Users/amand/.pico-sdk/sdk/2.1.0/src/rp2_common/hardware_uart/uart.c.obj
LOAD CMakeFiles/Atividade_2.dir/C_/Users/amand/.pico-sdk/sdk/2.1.0/src/rp2_common/hardware_clocks/clocks.c.obj
LOAD CMakeFiles/Atividade_2.dir/C_/Users/amand/.pico-sdk/sdk/2.1.0/src/rp2_common/hardware_pll/pll.c.obj
LOAD CMakeFiles/Atividade_2.dir/C_/Users/amand/.pico-sdk/sdk/2.1.0/src/rp2_common/hardware_vreg/vreg.c.obj
LOAD CMakeFiles/Atividade_2.dir/C_/Users/amand/.pico-sdk/sdk/2.1.0/src/rp2_common/hardware_watchdog/watchdog.c.obj
LOAD CMakeFiles/Atividade_2.dir/C_/Users/amand/.pico-sdk/sdk/2.1.0/src/rp2_common/hardware_ticks/ticks.c.obj
LOAD CMakeFiles/Atividade_2.dir/C_/Users/amand/.pico-sdk/sdk/2.1.0/src/rp2_common/pico_bootrom/bootrom.c.obj
LOAD CMakeFiles/Atividade_2.dir/C_/Users/amand/.pico-sdk/sdk/2.1.0/src/rp2_common/pico_bootrom/bootrom_lock.c.obj
LOAD CMakeFiles/Atividade_2.dir/C_/Users/amand/.pico-sdk/sdk/2.1.0/src/rp2_common/hardware_boot_lock/boot_lock.c.obj
LOAD CMakeFiles/Atividade_2.dir/C_/Users/amand/.pico-sdk/sdk/2.1.0/src/rp2_common/pico_flash/flash.c.obj
LOAD CMakeFiles/Atividade_2.dir/C_/Users/amand/.pico-sdk/sdk/2.1.0/src/rp2_common/hardware_xosc/xosc.c.obj
LOAD CMakeFiles/Atividade_2.dir/C_/Users/amand/.pico-sdk/sdk/2.1.0/src/rp2_common/hardware_divider/divider.c.obj
LOAD CMakeFiles/Atividade_2.dir/C_/Users/amand/.pico-sdk/sdk/2.1.0/src/rp2_common/pico_runtime/runtime.c.obj
LOAD CMakeFiles/Atividade_2.dir/C_/Users/amand/.pico-sdk/sdk/2.1.0/src/rp2_common/pico_runtime_init/runtime_init.c.obj
LOAD CMakeFiles/Atividade_2.dir/C_/Users/amand/.pico-sdk/sdk/2.1.0/src/rp2_common/pico_runtime_init/runtime_init_clocks.c.obj
LOAD CMakeFiles/Atividade_2.dir/C_/Users/amand/.pico-sdk/sdk/2.1.0/src/rp2_common/pico_runtime_init/runtime_init_stack_guard.c.obj
LOAD CMakeFiles/Atividade_2.dir/C_/Users/amand/.pico-sdk/sdk/2.1.0/src/rp2_common/pico_bit_ops/bit_ops_aeabi.S.obj
LOAD CMakeFiles/Atividade_2.dir/C_/Users/amand/.pico-sdk/sdk/2.1.0/src/rp2_common/pico_divider/divider_compiler.c.obj
LOAD CMakeFiles/Atividade_2.dir/C_/Users/amand/.pico-sdk/sdk/2.1.0/src/rp2_common/pico_double/double_math.c.obj
LOAD CMakeFiles/Atividade_2.dir/C_/Users/amand/.pico-sdk/sdk/2.1.0/src/rp2_common/pico_double/double_aeabi_dcp.S.obj
LOAD CMakeFiles/Atividade_2.dir/C_/Users/amand/.pico-sdk/sdk/2.1.0/src/rp2_common/pico_double/double_fma_dcp.S.obj
LOAD CMakeFiles/Atividade_2.dir/C_/Users/amand/.pico-sdk/sdk/2.1.0/src/rp2_common/pico_double/double_sci_m33.S.obj
LOAD CMakeFiles/Atividade_2.dir/C_/Users/amand/.pico-sdk/sdk/2.1.0/src/rp2_common/pico_double/double_conv_m33.S.obj
LOAD CMakeFiles/Atividade_2.dir/C_/Users/amand/.pico-sdk/sdk/2.1.0/src/rp2_common/pico_float/float_math.c.obj
LOAD CMakeFiles/Atividade_2.dir/C_/Users/amand/.pico-sdk/sdk/2.1.0/src/rp2_common/pico_float/float_sci_m33_vfp.S.obj
LOAD CMakeFiles/Atividade_2.dir/C_/Users/amand/.pico-sdk/sdk/2.1.0/src/rp2_common/pico_float/float_conv_m33.S.obj
LOAD CMakeFiles/Atividade_2.dir/C_/Users/amand/.pico-sdk/sdk/2.1.0/src/rp2_common/pico_malloc/malloc.c.obj
LOAD CMakeFiles/Atividade_2.dir/C_/Users/amand/.pico-sdk/sdk/2.1.0/src/rp2_common/pico_atomic/atomic.c.obj
LOAD CMakeFiles/Atividade_2.dir/C_/Users/amand/.pico-sdk/sdk/2.1.0/src/rp2_common/pico_cxx_options/new_delete.cpp.obj
LOAD CMakeFiles/Atividade_2.dir/C_/Users/amand/.pico-sdk/sdk/2.1.0/src/rp2_common/pico_standard_binary_info/standard_binary_info.c.obj
LOAD CMakeFiles/Atividade_2.dir/C_/Users/amand/.pico-sdk/sdk/2.1.0/src/rp2_common/pico_printf/printf.c.obj
LOAD CMakeFiles/Atividade_2.dir/C_/Users/amand/.pico-sdk/sdk/2.1.0/src/rp2_common/pico_crt0/crt0.S.obj
LOAD CMakeFiles/Atividade_2.dir/C_/Users/amand/.pico-sdk/sdk/2.1.0/src/rp2_common/pico_clib_interface/newlib_interface.c.obj
LOAD CMakeFiles/Atividade_2.dir/C_/Users/amand/.pico-sdk/sdk/2.1.0/src/rp2_common/pico_stdio/stdio.c.obj
LOAD CMakeFiles/Atividade_2.dir/C_/Users/amand/.pico-sdk/sdk/2.1.0/src/rp2_common/pico_stdio_uart/stdio_uart.c.obj
LOAD CMakeFiles/Atividade_2.dir/C_/Users/amand/.pico-sdk/sdk/2.1.0/src/rp2_common/pico_stdio_usb/reset_interface.c.obj
LOAD CMakeFiles/Atividade_2.dir/C_/Users/amand/.pico-sdk/sdk/2.1.0/src/rp2_common/pico_stdio_usb/stdio_usb.c.obj
LOAD CMakeFiles/Atividade_2.dir/C_/Users/amand/.pico-sdk/sdk/2.1.0/src/rp2_common/pico_stdio_usb/stdio_usb_descriptors.c.obj
LOAD CMakeFiles/Atividade_2.dir/C_/Users/amand/.pico-sdk/sdk/2.1.0/src/rp2_common/pico_unique_id/unique_id.c.obj
LOAD CMakeFiles/Atividade_2.dir/C_/Users/amand/.pico-sdk/sdk/2.1.0/src/rp2_common/hardware_flash/flash.c.obj
LOAD CMakeFiles/Atividade_2.dir/C_/Users/amand/.pico-sdk/sdk/2.1.0/src/rp2_common/hardware_xip_cache/xip_cache.c.obj
LOAD CMakeFiles/Atividade_2.dir/C_/Users/amand/.pico-sdk/sdk/2.1.0/lib/tinyusb/src/portable/raspberrypi/rp2040/dcd_rp2040.c.obj
LOAD CMakeFiles/Atividade_2.dir/C_/Users/amand/.pico-sdk/sdk/2.1.0/lib/tinyusb/src/portable/raspberrypi/rp2040/rp2040_usb.c.obj
LOAD CMakeFiles/Atividade_2.dir/C_/Users/amand/.pico-sdk/sdk/2.1.0/lib/tinyusb/src/device/usbd.c.obj
LOAD CMakeFiles/Atividade_2.dir/C_/Users/amand/.pico-sdk/sdk/2.1.0/lib/tinyusb/src/device/usbd_control.c.obj
LOAD CMakeFiles/Atividade_2.dir/C_/Users/amand/.pico-sdk/sdk/2.1.0/lib/tinyusb/src/class/audio/audio_device.c.obj
LOAD CMakeFiles/Atividade_2.dir/C_/Users/amand/.pico-sdk/sdk/2.1.0/lib/tinyusb/src/class/cdc/cdc_device.c.obj
LOAD CMakeFiles/Atividade_2.dir/C_/Users/amand/.pico-sdk/sdk/2.1.0/lib/tinyusb/src/class/dfu/dfu_device.c.obj
LOAD CMakeFiles/Atividade_2.dir/C_/Users/amand/.pico-sdk/sdk/2.1.0/lib/tinyusb/src/class/dfu/dfu_rt_device.c.obj
LOAD CMakeFiles/Atividade_2.dir/C_/Users/amand/.pico-sdk/sdk/2.1.0/lib/tinyusb/src/class/hid/hid_device.c.obj
LOAD CMakeFiles/Atividade_2.dir/C_/Users/amand/.pico-sdk/sdk/2.1.0/lib/tinyusb/src/class/midi/midi_device.c.obj
LOAD CMakeFiles/Atividade_2.dir/C_/Users/amand/.pico-sdk/sdk/2.1.0/lib/tinyusb/src/class/msc/msc_device.c.obj
LOAD CMakeFiles/Atividade_2.dir/C_/Users/amand/.pico-sdk/sdk/2.1.0/lib/tinyusb/src/class/net/ecm_rndis_device.c.obj
LOAD CMakeFiles/Atividade_2.dir/C_/Users/amand/.pico-sdk/sdk/2.1.0/lib/tinyusb/src/class/net/ncm_device.c.obj
LOAD CMakeFiles/Atividade_2.dir/C_/Users/amand/.pico-sdk/sdk/2.1.0/lib/tinyusb/src/class/usbtmc/usbtmc_device.c.obj
LOAD CMakeFiles/Atividade_2.dir/C_/Users/amand/.pico-sdk/sdk/2.1.0/lib/tinyusb/src/class/vendor/vendor_device.c.obj
LOAD CMakeFiles/Atividade_2.dir/C_/Users/amand/.pico-sdk/sdk/2.1.0/lib/tinyusb/src/class/video/video_device.c.obj
LOAD CMakeFiles/Atividade_2.dir/C_/Users/amand/.pico-sdk/sdk/2.1.0/lib/tinyusb/src/tusb.c.obj
LOAD CMakeFiles/Atividade_2.dir/C_/Users/amand/.pico-sdk/sdk/2.1.0/lib/tinyusb/src/common/tusb_fifo.c.obj
LOAD CMakeFiles/Atividade_2.dir/C_/Users/amand/.pico-sdk/sdk/2.1.0/src/rp2_common/pico_fix/rp2040_usb_device_enumeration/rp2040_usb_device_enumeration.c.obj
LOAD pico-sdk/src/rp2350/boot_stage2/CMakeFiles/bs2_default_library.dir/./bs2_default_padded_checksummed.S.obj
LOAD C:/Users/amand/.pico-sdk/toolchain/13_3_Rel1/bin/../lib/gcc/arm-none-eabi/13.3.1/thumb/v8-m.main+fp/softfp\libstdc++.a
LOAD C:/Users/amand/.pico-sdk/toolchain/13_3_Rel1/bin/../lib/gcc/arm-none-eabi/13.3.1/thumb/v8-m.main+fp/softfp\libm.a
START GROUP
LOAD C:/Users/amand/.pico-sdk/toolchain/13_3_Rel1/bin/../lib/gcc/arm-none-eabi/13.3.1/thumb/v8-m.main+fp/softfp\libgcc.a
LOAD C:/Users/amand/.pico-sdk/toolchain/13_3_Rel1/bin/../lib/gcc/arm-none-eabi/13.3.1/thumb/v8-m.main+fp/softfp\libg.a
LOAD C:/Users/amand/.pico-sdk/toolchain/13_3_Rel1/bin/../lib/gcc/arm-none-eabi/13.3.1/thumb/v8-m.main+fp/softfp\libc.a
END GROUP
START GROUP
LOAD C:/Users/amand/.pico-sdk/toolchain/13_3_Rel1/bin/../lib/gcc/arm-none-eabi/13.3.1/thumb/v8-m.main+fp/softfp\libgcc.a
LOAD C:/Users/amand/.pico-sdk/toolchain/13_3_Rel1/bin/../lib/gcc/arm-none-eabi/13.3.1/thumb/v8-m.main+fp/softfp\libc.a
LOAD C:/Users/amand/.pico-sdk/toolchain/13_3_Rel1/bin/../lib/gcc/arm-none-eabi/13.3.1/thumb/v8-m.main+fp/softfp\libnosys.a
END GROUP
LOAD C:/Users/amand/.pico-sdk/toolchain/13_3_Rel1/bin/../lib/gcc/arm-none-eabi/13.3.1/thumb/v8-m.main+fp/softfp/crtend.o
LOAD C:/Users/amand/.pico-sdk/toolchain/13_3_Rel1/bin/../lib/gcc/arm-none-eabi/13.3.1/thumb/v8-m.main+fp/softfp/crtn.o
OUTPUT(Atividade_2.elf elf32-littlearm)
LOAD linker stubs

.rel.dyn        0x10005bb8        0x0
 .rel.iplt      0x10005bb8        0x0 C:/Users/amand/.pico-sdk/toolchain/13_3_Rel1/bin/../lib/gcc/arm-none-eabi/13.3.1/thumb/v8-m.main+fp/softfp/crtbegin.o

.ARM.attributes
                0x00000000       0x34
 .ARM.attributes
                0x00000000       0x26 C:/Users/amand/.pico-sdk/toolchain/13_3_Rel1/bin/../lib/gcc/arm-none-eabi/13.3.1/thumb/v8-m.main+fp/softfp/crti.o
 .ARM.attributes
                0x00000026       0x36 C:/Users/amand/.pico-sdk/toolchain/13_3_Rel1/bin/../lib/gcc/arm-none-eabi/13.3.1/thumb/v8-m.main+fp/softfp/crtbegin.o
 .ARM.attributes
                0x0000005c       0x38 CMakeFiles/Atividade_2.dir/Atividade_2.c.obj
 .ARM.attributes
                0x00000094       0x38 CMakeFiles/Atividade_2.dir/C_/Users/amand/.pico-sdk/sdk/2.1.0/src/rp2_common/hardware_gpio/gpio.c.obj
 .ARM.attributes